
Error: ENOENT: no such file or directory, stat '/root/server/static/404.html'

Error: ENOENT: no such file or directory, stat '/root/server/static/404.html'

Error: ENOENT: no such file or directory, stat '/root/server/static/404.html'

Error: ENOENT: no such file or directory, stat '/root/server/static/404.html'

Error: ENOENT: no such file or directory, stat '/root/server/static/404.html'

Error: ENOENT: no such file or directory, stat '/root/server/static/404.html'

Error: ENOENT: no such file or directory, stat '/root/server/static/404.html'

Error: ENOENT: no such file or directory, stat '/root/server/static/404.html'

Error: ENOENT: no such file or directory, stat '/root/server/static/404.html'

Error: ENOENT: no such file or directory, stat '/root/server/static/404.html'

Error: ENOENT: no such file or directory, stat '/root/server/static/404.html'

Error: ENOENT: no such file or directory, stat '/root/server/static/404.html'

Error: ENOENT: no such file or directory, stat '/root/server/static/404.html'

Error: ENOENT: no such file or directory, stat '/root/server/static/404.html'

Error: ENOENT: no such file or directory, stat '/root/server/static/404.html'

Error: ENOENT: no such file or directory, stat '/root/server/static/404.html'

Error: ENOENT: no such file or directory, stat '/root/server/static/404.html'

Error: ENOENT: no such file or directory, stat '/root/server/static/404.html'

Error: ENOENT: no such file or directory, stat '/root/server/static/404.html'

Error: ENOENT: no such file or directory, stat '/root/server/static/404.html'

Error: ENOENT: no such file or directory, stat '/root/server/static/404.html'

Error: ENOENT: no such file or directory, stat '/root/server/static/404.html'

Error: ENOENT: no such file or directory, stat '/root/server/static/404.html'

Error: ENOENT: no such file or directory, stat '/root/server/static/404.html'

Error: ENOENT: no such file or directory, stat '/root/server/static/404.html'

Error: ENOENT: no such file or directory, stat '/root/server/static/404.html'

Error: ENOENT: no such file or directory, stat '/root/server/static/404.html'

Error: ENOENT: no such file or directory, stat '/root/server/static/404.html'

Error: ENOENT: no such file or directory, stat '/root/server/static/404.html'

Error: ENOENT: no such file or directory, stat '/root/server/static/404.html'

Error: ENOENT: no such file or directory, stat '/root/server/static/404.html'

Error: ENOENT: no such file or directory, stat '/root/server/static/404.html'

Error: ENOENT: no such file or directory, stat '/root/server/static/404.html'

TypeError: /root/pokemon-showdown/data/mods/violet/scripts, if it exists, must export an object whose 'BattleScripts' property is an Object
    at ModdedDex.loadDataFile (/root/pokemon-showdown/.sim-dist/dex.js:1430:11)
    at ModdedDex.loadData (/root/pokemon-showdown/.sim-dist/dex.js:1472:30)
    at ModdedDex.includeData (/root/pokemon-showdown/.sim-dist/dex.js:1461:8)
    at ModdedDex.forFormat (/root/pokemon-showdown/.sim-dist/dex.js:231:33)
    at new TeamValidator (/root/pokemon-showdown/.sim-dist/team-validator.js:195:23)
    at Function.get (/root/pokemon-showdown/.sim-dist/team-validator.js:1963:10)
    at QueryProcessManager._query (/root/pokemon-showdown/.server-dist/team-validator-async.js:48:43)
    at process.<anonymous> (/root/pokemon-showdown/.lib-dist/process-manager.js:399:30)
    at process.emit (events.js:311:20)
    at process.EventEmitter.emit (domain.js:482:12)

Additional information:
  formatid = gen1violetversion
  team = Muk|||none|acid|||||||


/root/pokemon-showdown/data/mods/violet/moves.js:1
**
^^

SyntaxError: Unexpected token '**'
    at wrapSafe (internal/modules/cjs/loader.js:1072:16)
    at Module._compile (internal/modules/cjs/loader.js:1122:27)
    at Object.Module._extensions..js (internal/modules/cjs/loader.js:1178:10)
    at Module.load (internal/modules/cjs/loader.js:1002:32)
    at Function.Module._load (internal/modules/cjs/loader.js:901:14)
    at Module.require (internal/modules/cjs/loader.js:1044:19)
    at require (internal/modules/cjs/helpers.js:77:18)
    at ModdedDex.loadDataFile (/root/pokemon-showdown/.sim-dist/dex.js:1424:23)
    at ModdedDex.loadData (/root/pokemon-showdown/.sim-dist/dex.js:1490:28)
    at ModdedDex.includeData (/root/pokemon-showdown/.sim-dist/dex.js:1461:8)

Additional information:
  formatid = gen1violetversion
  team = Muk|||none|acid|||||||


/root/pokemon-showdown/data/mods/violet/moves.js:1
**
^^

SyntaxError: Unexpected token '**'
    at wrapSafe (internal/modules/cjs/loader.js:1072:16)
    at Module._compile (internal/modules/cjs/loader.js:1122:27)
    at Object.Module._extensions..js (internal/modules/cjs/loader.js:1178:10)
    at Module.load (internal/modules/cjs/loader.js:1002:32)
    at Function.Module._load (internal/modules/cjs/loader.js:901:14)
    at Module.require (internal/modules/cjs/loader.js:1044:19)
    at require (internal/modules/cjs/helpers.js:77:18)
    at ModdedDex.loadDataFile (/root/pokemon-showdown/.sim-dist/dex.js:1424:23)
    at ModdedDex.loadData (/root/pokemon-showdown/.sim-dist/dex.js:1490:28)
    at ModdedDex.includeData (/root/pokemon-showdown/.sim-dist/dex.js:1461:8)

Additional information:
  formatid = gen1violetversion
  team = Muk|||none|acidarmor|||||||


/root/pokemon-showdown/data/mods/violet/moves.js:1
**
^^

SyntaxError: Unexpected token '**'
    at wrapSafe (internal/modules/cjs/loader.js:1072:16)
    at Module._compile (internal/modules/cjs/loader.js:1122:27)
    at Object.Module._extensions..js (internal/modules/cjs/loader.js:1178:10)
    at Module.load (internal/modules/cjs/loader.js:1002:32)
    at Function.Module._load (internal/modules/cjs/loader.js:901:14)
    at Module.require (internal/modules/cjs/loader.js:1044:19)
    at require (internal/modules/cjs/helpers.js:77:18)
    at ModdedDex.loadDataFile (/root/pokemon-showdown/.sim-dist/dex.js:1424:23)
    at ModdedDex.loadData (/root/pokemon-showdown/.sim-dist/dex.js:1490:28)
    at ModdedDex.includeData (/root/pokemon-showdown/.sim-dist/dex.js:1461:8)

Additional information:
  formatid = gen1violetversion
  team = Muk|||none|acidarmor|||||||


/root/pokemon-showdown/data/mods/violet/moves.js:1
**
^^

SyntaxError: Unexpected token '**'
    at wrapSafe (internal/modules/cjs/loader.js:1072:16)
    at Module._compile (internal/modules/cjs/loader.js:1122:27)
    at Object.Module._extensions..js (internal/modules/cjs/loader.js:1178:10)
    at Module.load (internal/modules/cjs/loader.js:1002:32)
    at Function.Module._load (internal/modules/cjs/loader.js:901:14)
    at Module.require (internal/modules/cjs/loader.js:1044:19)
    at require (internal/modules/cjs/helpers.js:77:18)
    at ModdedDex.loadDataFile (/root/pokemon-showdown/.sim-dist/dex.js:1424:23)
    at ModdedDex.loadData (/root/pokemon-showdown/.sim-dist/dex.js:1490:28)
    at ModdedDex.includeData (/root/pokemon-showdown/.sim-dist/dex.js:1461:8)

Additional information:
  formatid = gen1violetversion
  team = Muk|||none|acidarmor|||||||


/root/pokemon-showdown/data/mods/violet/moves.js:1
**
^^

SyntaxError: Unexpected token '**'
    at wrapSafe (internal/modules/cjs/loader.js:1072:16)
    at Module._compile (internal/modules/cjs/loader.js:1122:27)
    at Object.Module._extensions..js (internal/modules/cjs/loader.js:1178:10)
    at Module.load (internal/modules/cjs/loader.js:1002:32)
    at Function.Module._load (internal/modules/cjs/loader.js:901:14)
    at Module.require (internal/modules/cjs/loader.js:1044:19)
    at require (internal/modules/cjs/helpers.js:77:18)
    at ModdedDex.loadDataFile (/root/pokemon-showdown/.sim-dist/dex.js:1424:23)
    at ModdedDex.loadData (/root/pokemon-showdown/.sim-dist/dex.js:1490:28)
    at ModdedDex.includeData (/root/pokemon-showdown/.sim-dist/dex.js:1461:8)

Additional information:
  formatid = gen1violetversion
  team = Muk|||none|acidarmor|||||||


/root/pokemon-showdown/data/mods/violet/moves.js:1
**
^^

SyntaxError: Unexpected token '**'
    at wrapSafe (internal/modules/cjs/loader.js:1072:16)
    at Module._compile (internal/modules/cjs/loader.js:1122:27)
    at Object.Module._extensions..js (internal/modules/cjs/loader.js:1178:10)
    at Module.load (internal/modules/cjs/loader.js:1002:32)
    at Function.Module._load (internal/modules/cjs/loader.js:901:14)
    at Module.require (internal/modules/cjs/loader.js:1044:19)
    at require (internal/modules/cjs/helpers.js:77:18)
    at ModdedDex.loadDataFile (/root/pokemon-showdown/.sim-dist/dex.js:1424:23)
    at ModdedDex.loadData (/root/pokemon-showdown/.sim-dist/dex.js:1490:28)
    at ModdedDex.includeData (/root/pokemon-showdown/.sim-dist/dex.js:1461:8)

Additional information:
  formatid = gen1violetversion
  team = Muk|||none|acidarmor|||||||


Error: ENOENT: no such file or directory, stat '/root/server/static/404.html'

Error: ENOENT: no such file or directory, stat '/root/server/static/404.html'

Error: ENOENT: no such file or directory, stat '/root/server/static/404.html'

TypeError: this.getMove is not a function
    at Battle.onTryMove (/root/pokemon-showdown/data/mods/violet/moves.js:90:49)
    at Battle.singleEvent (/root/pokemon-showdown/.sim-dist/battle.js:474:25)
    at Battle.useMove (/root/pokemon-showdown/data/mods/violet/scripts.js:214:13)
    at Battle.runMove (/root/pokemon-showdown/data/mods/violet/scripts.js:133:8)
    at Battle.runAction (/root/pokemon-showdown/.sim-dist/battle.js:2460:9)
    at Battle.go (/root/pokemon-showdown/.sim-dist/battle.js:2691:9)
    at Battle.commitDecisions (/root/pokemon-showdown/.sim-dist/battle.js:2757:8)
    at Battle.choose (/root/pokemon-showdown/.sim-dist/battle.js:2713:35)
    at RoomBattleStream._writeLine (/root/pokemon-showdown/.sim-dist/battle-stream.js:107:17)
    at RoomBattleStream._writeLine (/root/pokemon-showdown/.server-dist/room-battle.js:1190:18)

Additional information:
  chunk = >p2 move 1
  inputLog = 
>start {"formatid":"gen1violetversion","seed":[46748,56182,9882,25083]}
>player p1 {"name":"Enigami2","avatar":"blue-gen1","team":"Exeggutor|||noability|rest,reflect||252,252,252,252,252,252|||||","rating":0}
>player p2 {"name":"Enigami","avatar":"265","team":"Pidgeot|||noability|skyattack,gust||252,252,252,252,252,252|||||]Vileplume|||noability|solarbeam||252,252,252,252,252,252|||||","rating":0}
>p1 move reflect
>p2 move gust
>p1 move rest
>p2 move skyattack
  log = 
|player|p1|Enigami2|blue-gen1|
|player|p2|Enigami|265|
|teamsize|p1|1
|teamsize|p2|2
|gametype|singles
|gen|1
|tier|[Gen 1] Violet Version
|
|start
|switch|p1a: Exeggutor|Exeggutor|393/393
|switch|p2a: Pidgeot|Pidgeot|369/369
|turn|1
|
|move|p2a: Pidgeot|Gust|p1a: Exeggutor
|-supereffective|p1a: Exeggutor
|-damage|p1a: Exeggutor|182/393
|move|p1a: Exeggutor|Reflect|p1a: Exeggutor
|-start|p1a: Exeggutor|Reflect
|
|upkeep
|turn|2
|
|move|p2a: Pidgeot|Sky Attack|p1a: Exeggutor
|-prepare|p2a: Pidgeot|Sky Attack|p1a: Exeggutor


Error: ENOENT: no such file or directory, stat '/root/server/static/404.html'

Error: ENOENT: no such file or directory, stat '/root/server/static/404.html'

Error: ENOENT: no such file or directory, stat '/root/server/static/404.html'

Error: ENOENT: no such file or directory, stat '/root/server/static/404.html'

Error: ENOENT: no such file or directory, stat '/root/server/static/404.html'

Error: ENOENT: no such file or directory, stat '/root/server/static/404.html'

Error: ENOENT: no such file or directory, stat '/root/server/static/404.html'

Error: ENOENT: no such file or directory, stat '/root/server/static/404.html'

Error: ENOENT: no such file or directory, stat '/root/server/static/404.html'

Error: ENOENT: no such file or directory, stat '/root/server/static/404.html'

Error: ENOENT: no such file or directory, stat '/root/server/static/404.html'

Error: ENOENT: no such file or directory, stat '/root/server/static/404.html'

Error: ENOENT: no such file or directory, stat '/root/server/static/404.html'

Error: ENOENT: no such file or directory, stat '/root/server/static/404.html'

Error: ENOENT: no such file or directory, stat '/root/server/static/404.html'

Error: ENOENT: no such file or directory, stat '/root/server/static/404.html'

Error: ENOENT: no such file or directory, stat '/root/server/static/404.html'

Error: ENOENT: no such file or directory, stat '/root/server/static/404.html'

Error: ENOENT: no such file or directory, stat '/root/server/static/404.html'

Error: ENOENT: no such file or directory, stat '/root/server/static/404.html'

Error: ENOENT: no such file or directory, stat '/root/server/static/404.html'

Error: ENOENT: no such file or directory, stat '/root/server/static/404.html'

Error: ENOENT: no such file or directory, stat '/root/server/static/404.html'

Error: ENOENT: no such file or directory, stat '/root/server/static/404.html'

Error: ENOENT: no such file or directory, stat '/root/server/static/404.html'

Error: ENOENT: no such file or directory, stat '/root/server/static/404.html'

Error: ENOENT: no such file or directory, stat '/root/server/static/404.html'

Error: ENOENT: no such file or directory, stat '/root/server/static/404.html'

Error: ENOENT: no such file or directory, stat '/root/server/static/404.html'

Error: ENOENT: no such file or directory, stat '/root/server/static/404.html'

Error: ENOENT: no such file or directory, stat '/root/server/static/404.html'

Error: ENOENT: no such file or directory, stat '/root/server/static/404.html'

Error: ENOENT: no such file or directory, stat '/root/server/static/404.html'

Error: ENOENT: no such file or directory, stat '/root/server/static/404.html'

Error: ENOENT: no such file or directory, stat '/root/server/static/404.html'

Error: ENOENT: no such file or directory, stat '/root/server/static/404.html'

Error: ENOENT: no such file or directory, stat '/root/server/static/404.html'

Error: ENOENT: no such file or directory, stat '/root/server/static/404.html'

Error: ENOENT: no such file or directory, stat '/root/server/static/404.html'

Error: ENOENT: no such file or directory, stat '/root/server/static/404.html'

Error: ENOENT: no such file or directory, stat '/root/server/static/404.html'

Error: ENOENT: no such file or directory, stat '/root/server/static/404.html'

Error: ENOENT: no such file or directory, stat '/root/server/static/404.html'

Error: ENOENT: no such file or directory, stat '/root/server/static/404.html'

Error: ENOENT: no such file or directory, stat '/root/server/static/404.html'

Error: ENOENT: no such file or directory, stat '/root/server/static/404.html'

Error: ENOENT: no such file or directory, stat '/root/server/static/404.html'

Error: ENOENT: no such file or directory, stat '/root/server/static/404.html'

Error: ENOENT: no such file or directory, stat '/root/server/static/404.html'

Error: ENOENT: no such file or directory, stat '/root/server/static/404.html'

Error: ENOENT: no such file or directory, stat '/root/server/static/404.html'

Error: ENOENT: no such file or directory, stat '/root/server/static/404.html'

Error: ENOENT: no such file or directory, stat '/root/server/static/404.html'

Error: ENOENT: no such file or directory, stat '/root/server/static/404.html'

Error: ENOENT: no such file or directory, stat '/root/server/static/404.html'

Error: ENOENT: no such file or directory, stat '/root/server/static/404.html'

Error: ENOENT: no such file or directory, stat '/root/server/static/404.html'

Error: ENOENT: no such file or directory, stat '/root/server/static/404.html'

Error: ENOENT: no such file or directory, stat '/root/server/static/404.html'

Error: ENOENT: no such file or directory, stat '/root/server/static/404.html'

Error: ENOENT: no such file or directory, stat '/root/server/static/404.html'

Error: ENOENT: no such file or directory, stat '/root/server/static/404.html'

Error: ENOENT: no such file or directory, stat '/root/server/static/404.html'

Error: ENOENT: no such file or directory, stat '/root/server/static/404.html'

Error: ENOENT: no such file or directory, stat '/root/server/static/404.html'

Error: ENOENT: no such file or directory, stat '/root/server/static/404.html'

Error: ENOENT: no such file or directory, stat '/root/server/static/404.html'

Error: ENOENT: no such file or directory, stat '/root/server/static/404.html'

Error: ENOENT: no such file or directory, stat '/root/server/static/404.html'

Error: ENOENT: no such file or directory, stat '/root/server/static/404.html'

Error: ENOENT: no such file or directory, stat '/root/server/static/404.html'

Error: ENOENT: no such file or directory, stat '/root/server/static/404.html'

Error: ENOENT: no such file or directory, stat '/root/server/static/404.html'

Error: ENOENT: no such file or directory, stat '/root/server/static/404.html'

Error: ENOENT: no such file or directory, stat '/root/server/static/404.html'

Error: ENOENT: no such file or directory, stat '/root/server/static/404.html'

Error: ENOENT: no such file or directory, stat '/root/server/static/404.html'

Error: ENOENT: no such file or directory, stat '/root/server/static/404.html'

Error: ENOENT: no such file or directory, stat '/root/server/static/404.html'

Error: ENOENT: no such file or directory, stat '/root/server/static/404.html'

Error: ENOENT: no such file or directory, stat '/root/server/static/404.html'

Error: ENOENT: no such file or directory, stat '/root/server/static/404.html'

Error: ENOENT: no such file or directory, stat '/root/server/static/404.html'

Error: ENOENT: no such file or directory, stat '/root/server/static/404.html'

Error: ENOENT: no such file or directory, stat '/root/server/static/404.html'

Error: ENOENT: no such file or directory, stat '/root/server/static/404.html'

Error: ENOENT: no such file or directory, stat '/root/server/static/404.html'

Error: ENOENT: no such file or directory, stat '/root/server/static/404.html'

Error: ENOENT: no such file or directory, stat '/root/server/static/404.html'

Error: ENOENT: no such file or directory, stat '/root/server/static/404.html'

Error: ENOENT: no such file or directory, stat '/root/server/static/404.html'

Error: ENOENT: no such file or directory, stat '/root/server/static/404.html'

Error: ENOENT: no such file or directory, stat '/root/server/static/404.html'

Error: ENOENT: no such file or directory, stat '/root/server/static/404.html'

Error: ENOENT: no such file or directory, stat '/root/server/static/404.html'

Error: ENOENT: no such file or directory, stat '/root/server/static/404.html'

Error: ENOENT: no such file or directory, stat '/root/server/static/404.html'

Error: ENOENT: no such file or directory, stat '/root/server/static/404.html'

Error: ENOENT: no such file or directory, stat '/root/server/static/404.html'

Error: ENOENT: no such file or directory, stat '/root/server/static/404.html'

Error: ENOENT: no such file or directory, stat '/root/server/static/404.html'

Error: ENOENT: no such file or directory, stat '/root/server/static/404.html'

Error: ENOENT: no such file or directory, stat '/root/server/static/404.html'

Error: ENOENT: no such file or directory, stat '/root/server/static/404.html'

Error: ENOENT: no such file or directory, stat '/root/server/static/404.html'

Error: ENOENT: no such file or directory, stat '/root/server/static/404.html'

Error: ENOENT: no such file or directory, stat '/root/server/static/404.html'

Error: ENOENT: no such file or directory, stat '/root/server/static/404.html'

Error: ENOENT: no such file or directory, stat '/root/server/static/404.html'

Error: ENOENT: no such file or directory, stat '/root/server/static/404.html'

Error: ENOENT: no such file or directory, stat '/root/server/static/404.html'

Error: ENOENT: no such file or directory, stat '/root/server/static/404.html'

Error: ENOENT: no such file or directory, stat '/root/server/static/404.html'

Error: ENOENT: no such file or directory, stat '/root/server/static/404.html'

Error: ENOENT: no such file or directory, stat '/root/server/static/404.html'

Error: ENOENT: no such file or directory, stat '/root/server/static/404.html'

Error: ENOENT: no such file or directory, stat '/root/server/static/404.html'

Error: ENOENT: no such file or directory, stat '/root/server/static/404.html'

Error: ENOENT: no such file or directory, stat '/root/server/static/404.html'

Error: ENOENT: no such file or directory, stat '/root/server/static/404.html'

Error: ENOENT: no such file or directory, stat '/root/server/static/404.html'

Error: ENOENT: no such file or directory, stat '/root/server/static/404.html'

Error: ENOENT: no such file or directory, stat '/root/server/static/404.html'

Error: ENOENT: no such file or directory, stat '/root/server/static/404.html'

Error: ENOENT: no such file or directory, stat '/root/server/static/404.html'

Error: ENOENT: no such file or directory, stat '/root/server/static/404.html'

Error: ENOENT: no such file or directory, stat '/root/server/static/404.html'

Error: ENOENT: no such file or directory, stat '/root/server/static/404.html'

Error: ENOENT: no such file or directory, stat '/root/server/static/404.html'

Error: ENOENT: no such file or directory, stat '/root/server/static/404.html'

Error: ENOENT: no such file or directory, stat '/root/server/static/404.html'

Error: ENOENT: no such file or directory, stat '/root/server/static/404.html'

Error: ENOENT: no such file or directory, stat '/root/server/static/404.html'

Error: ENOENT: no such file or directory, stat '/root/server/static/404.html'

Error: ENOENT: no such file or directory, stat '/root/server/static/404.html'

Error: ENOENT: no such file or directory, stat '/root/server/static/404.html'

Error: ENOENT: no such file or directory, stat '/root/server/static/404.html'

Error: ENOENT: no such file or directory, stat '/root/server/static/404.html'

Error: ENOENT: no such file or directory, stat '/root/server/static/404.html'

Error: ENOENT: no such file or directory, stat '/root/server/static/404.html'

Error: ENOENT: no such file or directory, stat '/root/server/static/404.html'

Error: ENOENT: no such file or directory, stat '/root/server/static/404.html'

Error: ENOENT: no such file or directory, stat '/root/server/static/404.html'

Error: ENOENT: no such file or directory, stat '/root/server/static/404.html'

Error: ENOENT: no such file or directory, stat '/root/server/static/404.html'

Error: ENOENT: no such file or directory, stat '/root/server/static/404.html'

Error: ENOENT: no such file or directory, stat '/root/server/static/404.html'

Error: ENOENT: no such file or directory, stat '/root/server/static/404.html'

Error: ENOENT: no such file or directory, stat '/root/server/static/404.html'

Error: ENOENT: no such file or directory, stat '/root/server/static/404.html'

Error: ENOENT: no such file or directory, stat '/root/server/static/404.html'

Error: ENOENT: no such file or directory, stat '/root/server/static/404.html'

Error: ENOENT: no such file or directory, stat '/root/server/static/404.html'

Error: ENOENT: no such file or directory, stat '/root/server/static/404.html'

Error: ENOENT: no such file or directory, stat '/root/server/static/404.html'

Error: ENOENT: no such file or directory, stat '/root/server/static/404.html'

Error: ENOENT: no such file or directory, stat '/root/server/static/404.html'

Error: ENOENT: no such file or directory, stat '/root/server/static/404.html'

Error: ENOENT: no such file or directory, stat '/root/server/static/404.html'

Error: ENOENT: no such file or directory, stat '/root/server/static/404.html'

Error: ENOENT: no such file or directory, stat '/root/server/static/404.html'

Error: ENOENT: no such file or directory, stat '/root/server/static/404.html'

Error: ENOENT: no such file or directory, stat '/root/server/static/404.html'

Error: ENOENT: no such file or directory, stat '/root/server/static/404.html'

Error: ENOENT: no such file or directory, stat '/root/server/static/404.html'

Error: ENOENT: no such file or directory, stat '/root/server/static/404.html'

Error: ENOENT: no such file or directory, stat '/root/server/static/404.html'

Error: ENOENT: no such file or directory, stat '/root/server/static/404.html'

Error: ENOENT: no such file or directory, stat '/root/server/static/404.html'

Error: ENOENT: no such file or directory, stat '/root/server/static/404.html'

Error: ENOENT: no such file or directory, stat '/root/server/static/404.html'

Error: ENOENT: no such file or directory, stat '/root/server/static/404.html'

Error: ENOENT: no such file or directory, stat '/root/server/static/404.html'

Error: ENOENT: no such file or directory, stat '/root/server/static/404.html'

Error: ENOENT: no such file or directory, stat '/root/server/static/404.html'

Error: ENOENT: no such file or directory, stat '/root/server/static/404.html'

Error: ENOENT: no such file or directory, stat '/root/server/static/404.html'

Error: ENOENT: no such file or directory, stat '/root/server/static/404.html'

Error: ENOENT: no such file or directory, stat '/root/server/static/404.html'

Error: ENOENT: no such file or directory, stat '/root/server/static/404.html'

Error: ENOENT: no such file or directory, stat '/root/server/static/404.html'

Error: ENOENT: no such file or directory, stat '/root/server/static/404.html'

Error: ENOENT: no such file or directory, stat '/root/server/static/404.html'

Error: ENOENT: no such file or directory, stat '/root/server/static/404.html'

Error: ENOENT: no such file or directory, stat '/root/server/static/404.html'

Error: ENOENT: no such file or directory, stat '/root/server/static/404.html'

Error: ENOENT: no such file or directory, stat '/root/server/static/404.html'

Error: ENOENT: no such file or directory, stat '/root/server/static/404.html'

Error: ENOENT: no such file or directory, stat '/root/server/static/404.html'

Error: ENOENT: no such file or directory, stat '/root/server/static/404.html'

Error: ENOENT: no such file or directory, stat '/root/server/static/404.html'

Error: ENOENT: no such file or directory, stat '/root/server/static/404.html'

Error: ENOENT: no such file or directory, stat '/root/server/static/404.html'

Error: ENOENT: no such file or directory, stat '/root/server/static/404.html'

Error: ENOENT: no such file or directory, stat '/root/server/static/404.html'

Error: ENOENT: no such file or directory, stat '/root/server/static/404.html'

Error: ENOENT: no such file or directory, stat '/root/server/static/404.html'

Error: ENOENT: no such file or directory, stat '/root/server/static/404.html'

Error: ENOENT: no such file or directory, stat '/root/server/static/404.html'

Error: ENOENT: no such file or directory, stat '/root/server/static/404.html'

Error: ENOENT: no such file or directory, stat '/root/server/static/404.html'

Error: ENOENT: no such file or directory, stat '/root/server/static/404.html'

Error: ENOENT: no such file or directory, stat '/root/server/static/404.html'

Error: ENOENT: no such file or directory, stat '/root/server/static/404.html'

Error: ENOENT: no such file or directory, stat '/root/server/static/404.html'

Error: ENOENT: no such file or directory, stat '/root/server/static/404.html'

Error: ENOENT: no such file or directory, stat '/root/server/static/404.html'

Error: ENOENT: no such file or directory, stat '/root/server/static/404.html'

Error: ENOENT: no such file or directory, stat '/root/server/static/404.html'

Error: ENOENT: no such file or directory, stat '/root/server/static/404.html'

Error: ENOENT: no such file or directory, stat '/root/server/static/404.html'

Error: ENOENT: no such file or directory, stat '/root/server/static/404.html'

Error: ENOENT: no such file or directory, stat '/root/server/static/404.html'

Error: ENOENT: no such file or directory, stat '/root/server/static/404.html'

Error: ENOENT: no such file or directory, stat '/root/server/static/404.html'

Error: ENOENT: no such file or directory, stat '/root/server/static/404.html'

Error: ENOENT: no such file or directory, stat '/root/server/static/404.html'

Error: ENOENT: no such file or directory, stat '/root/server/static/404.html'

Error: ENOENT: no such file or directory, stat '/root/server/static/404.html'

Error: ENOENT: no such file or directory, stat '/root/server/static/404.html'

Error: ENOENT: no such file or directory, stat '/root/server/static/404.html'

Error: ENOENT: no such file or directory, stat '/root/server/static/404.html'

Error: ENOENT: no such file or directory, stat '/root/server/static/404.html'

Error: ENOENT: no such file or directory, stat '/root/server/static/404.html'

Error: ENOENT: no such file or directory, stat '/root/server/static/404.html'

Error: ENOENT: no such file or directory, stat '/root/server/static/404.html'

Error: ENOENT: no such file or directory, stat '/root/server/static/404.html'

Error: ENOENT: no such file or directory, stat '/root/server/static/404.html'

Error: ENOENT: no such file or directory, stat '/root/server/static/404.html'

Error: ENOENT: no such file or directory, stat '/root/server/static/404.html'

Error: ENOENT: no such file or directory, stat '/root/server/static/404.html'

Error: ENOENT: no such file or directory, stat '/root/server/static/404.html'

Error: ENOENT: no such file or directory, stat '/root/server/static/404.html'

Error: ENOENT: no such file or directory, stat '/root/server/static/404.html'

Error: ENOENT: no such file or directory, stat '/root/server/static/404.html'

Error: ENOENT: no such file or directory, stat '/root/server/static/404.html'

Error: ENOENT: no such file or directory, stat '/root/server/static/404.html'

Error: ENOENT: no such file or directory, stat '/root/server/static/404.html'

Error: ENOENT: no such file or directory, stat '/root/server/static/404.html'

Error: ENOENT: no such file or directory, stat '/root/server/static/404.html'

Error: ENOENT: no such file or directory, stat '/root/server/static/404.html'

Error: ENOENT: no such file or directory, stat '/root/server/static/404.html'

Error: ENOENT: no such file or directory, stat '/root/server/static/404.html'

Error: ENOENT: no such file or directory, stat '/root/server/static/404.html'

Error: ENOENT: no such file or directory, stat '/root/server/static/404.html'

Error: ENOENT: no such file or directory, stat '/root/server/static/404.html'

Error: ENOENT: no such file or directory, stat '/root/server/static/404.html'

Error: ENOENT: no such file or directory, stat '/root/server/static/404.html'

Error: ENOENT: no such file or directory, stat '/root/server/static/404.html'

Error: ENOENT: no such file or directory, stat '/root/server/static/404.html'

Error: ENOENT: no such file or directory, stat '/root/server/static/404.html'

Error: ENOENT: no such file or directory, stat '/root/server/static/404.html'

Error: ENOENT: no such file or directory, stat '/root/server/static/404.html'

Error: ENOENT: no such file or directory, stat '/root/server/static/404.html'

Error: ENOENT: no such file or directory, stat '/root/server/static/404.html'

Error: ENOENT: no such file or directory, stat '/root/server/static/404.html'

Error: ENOENT: no such file or directory, stat '/root/server/static/404.html'

Error: ENOENT: no such file or directory, stat '/root/server/static/404.html'

Error: ENOENT: no such file or directory, stat '/root/server/static/404.html'

Error: ENOENT: no such file or directory, stat '/root/server/static/404.html'

Error: ENOENT: no such file or directory, stat '/root/server/static/404.html'

Error: ENOENT: no such file or directory, stat '/root/server/static/404.html'

Error: ENOENT: no such file or directory, stat '/root/server/static/404.html'

Error: ENOENT: no such file or directory, stat '/root/server/static/404.html'

Error: ENOENT: no such file or directory, stat '/root/server/static/404.html'

Error: ENOENT: no such file or directory, stat '/root/server/static/404.html'

Error: ENOENT: no such file or directory, stat '/root/server/static/404.html'

Error: ENOENT: no such file or directory, stat '/root/server/static/404.html'

Error: ENOENT: no such file or directory, stat '/root/server/static/404.html'

Error: ENOENT: no such file or directory, stat '/root/server/static/404.html'

Error: ENOENT: no such file or directory, stat '/root/server/static/404.html'

Error: ENOENT: no such file or directory, stat '/root/server/static/404.html'

Error: ENOENT: no such file or directory, stat '/root/server/static/404.html'

Error: ENOENT: no such file or directory, stat '/root/server/static/404.html'

Error: ENOENT: no such file or directory, stat '/root/server/static/404.html'

Error: ENOENT: no such file or directory, stat '/root/server/static/404.html'

Error: ENOENT: no such file or directory, stat '/root/server/static/404.html'

Error: ENOENT: no such file or directory, stat '/root/server/static/404.html'

Error: ENOENT: no such file or directory, stat '/root/server/static/404.html'

Error: ENOENT: no such file or directory, stat '/root/server/static/404.html'

Error: ENOENT: no such file or directory, stat '/root/server/static/404.html'

Error: ENOENT: no such file or directory, stat '/root/server/static/404.html'

Error: ENOENT: no such file or directory, stat '/root/server/static/404.html'

Error: ENOENT: no such file or directory, stat '/root/server/static/404.html'

Error: ENOENT: no such file or directory, stat '/root/server/static/404.html'

Error: ENOENT: no such file or directory, stat '/root/server/static/404.html'

Error: ENOENT: no such file or directory, stat '/root/server/static/404.html'

Error: ENOENT: no such file or directory, stat '/root/server/static/404.html'

Error: ENOENT: no such file or directory, stat '/root/server/static/404.html'

Error: ENOENT: no such file or directory, stat '/root/server/static/404.html'

Error: ENOENT: no such file or directory, stat '/root/server/static/404.html'

Error: ENOENT: no such file or directory, stat '/root/server/static/404.html'

Error: ENOENT: no such file or directory, stat '/root/server/static/404.html'

Error: ENOENT: no such file or directory, stat '/root/server/static/404.html'

Error: ENOENT: no such file or directory, stat '/root/server/static/404.html'

Error: ENOENT: no such file or directory, stat '/root/server/static/404.html'

Error: ENOENT: no such file or directory, stat '/root/server/static/404.html'

Error: ENOENT: no such file or directory, stat '/root/server/static/404.html'

Error: ENOENT: no such file or directory, stat '/root/server/static/404.html'

Error: ENOENT: no such file or directory, stat '/root/server/static/404.html'

Error: ENOENT: no such file or directory, stat '/root/server/static/404.html'

Error: ENOENT: no such file or directory, stat '/root/server/static/404.html'

Error: ENOENT: no such file or directory, stat '/root/server/static/404.html'

Error: ENOENT: no such file or directory, stat '/root/server/static/404.html'

Error: ENOENT: no such file or directory, stat '/root/server/static/404.html'

Error: ENOENT: no such file or directory, stat '/root/server/static/404.html'

Error: ENOENT: no such file or directory, stat '/root/server/static/404.html'

Error: ENOENT: no such file or directory, stat '/root/server/static/404.html'

Error: ENOENT: no such file or directory, stat '/root/server/static/404.html'

Error: ENOENT: no such file or directory, stat '/root/server/static/404.html'

Error: ENOENT: no such file or directory, stat '/root/server/static/404.html'

Error: ENOENT: no such file or directory, stat '/root/server/static/404.html'

Error: ENOENT: no such file or directory, stat '/root/server/static/404.html'

Error: ENOENT: no such file or directory, stat '/root/server/static/404.html'

Error: ENOENT: no such file or directory, stat '/root/server/static/404.html'

Error: ENOENT: no such file or directory, stat '/root/server/static/404.html'

Error: ENOENT: no such file or directory, stat '/root/server/static/404.html'

Error: ENOENT: no such file or directory, stat '/root/server/static/404.html'

Error: ENOENT: no such file or directory, stat '/root/server/static/404.html'

Error: ENOENT: no such file or directory, stat '/root/server/static/404.html'

Error: ENOENT: no such file or directory, stat '/root/server/static/404.html'

Error: ENOENT: no such file or directory, stat '/root/server/static/404.html'

Error: ENOENT: no such file or directory, stat '/root/server/static/404.html'

Error: ENOENT: no such file or directory, stat '/root/server/static/404.html'

Error: ENOENT: no such file or directory, stat '/root/server/static/404.html'

Error: ENOENT: no such file or directory, stat '/root/server/static/404.html'

Error: ENOENT: no such file or directory, stat '/root/server/static/404.html'

Error: ENOENT: no such file or directory, stat '/root/server/static/404.html'

Error: ENOENT: no such file or directory, stat '/root/server/static/404.html'

Error: ENOENT: no such file or directory, stat '/root/server/static/404.html'

Error: ENOENT: no such file or directory, stat '/root/server/static/404.html'

Error: ENOENT: no such file or directory, stat '/root/server/static/404.html'

Error: ENOENT: no such file or directory, stat '/root/server/static/404.html'

Error: ENOENT: no such file or directory, stat '/root/server/static/404.html'

Error: ENOENT: no such file or directory, stat '/root/server/static/404.html'

Error: ENOENT: no such file or directory, stat '/root/server/static/404.html'

Error: ENOENT: no such file or directory, stat '/root/server/static/404.html'

Error: ENOENT: no such file or directory, stat '/root/server/static/404.html'

Error: ENOENT: no such file or directory, stat '/root/server/static/404.html'

Error: ENOENT: no such file or directory, stat '/root/server/static/404.html'

Error: ENOENT: no such file or directory, stat '/root/server/static/404.html'

Error: ENOENT: no such file or directory, stat '/root/server/static/404.html'

Error: ENOENT: no such file or directory, stat '/root/server/static/404.html'

Error: ENOENT: no such file or directory, stat '/root/server/static/404.html'

Error: ENOENT: no such file or directory, stat '/root/server/static/404.html'

Error: ENOENT: no such file or directory, stat '/root/server/static/404.html'

Error: ENOENT: no such file or directory, stat '/root/server/static/404.html'

Error: ENOENT: no such file or directory, stat '/root/server/static/404.html'

Error: ENOENT: no such file or directory, stat '/root/server/static/404.html'

Error: ENOENT: no such file or directory, stat '/root/server/static/404.html'

Error: ENOENT: no such file or directory, stat '/root/server/static/404.html'

Error: ENOENT: no such file or directory, stat '/root/server/static/404.html'

Error: ENOENT: no such file or directory, stat '/root/server/static/404.html'

Error: ENOENT: no such file or directory, stat '/root/server/static/404.html'

Error: ENOENT: no such file or directory, stat '/root/server/static/404.html'

Error: ENOENT: no such file or directory, stat '/root/server/static/404.html'

Error: ENOENT: no such file or directory, stat '/root/server/static/404.html'

Error: ENOENT: no such file or directory, stat '/root/server/static/404.html'

Error: ENOENT: no such file or directory, stat '/root/server/static/404.html'

Error: ENOENT: no such file or directory, stat '/root/server/static/404.html'

Error: ENOENT: no such file or directory, stat '/root/server/static/404.html'

Error: ENOENT: no such file or directory, stat '/root/server/static/404.html'

Error: ENOENT: no such file or directory, stat '/root/server/static/404.html'

Error: ENOENT: no such file or directory, stat '/root/server/static/404.html'

Error: ENOENT: no such file or directory, stat '/root/server/static/404.html'

Error: ENOENT: no such file or directory, stat '/root/server/static/404.html'

Error: ENOENT: no such file or directory, stat '/root/server/static/404.html'

Error: ENOENT: no such file or directory, stat '/root/server/static/404.html'

Error: ENOENT: no such file or directory, stat '/root/server/static/404.html'

Error: ENOENT: no such file or directory, stat '/root/server/static/404.html'

Error: ENOENT: no such file or directory, stat '/root/server/static/404.html'

Error: ENOENT: no such file or directory, stat '/root/server/static/404.html'

Error: ENOENT: no such file or directory, stat '/root/server/static/404.html'

Error: ENOENT: no such file or directory, stat '/root/server/static/404.html'

Error: ENOENT: no such file or directory, stat '/root/server/static/404.html'

Error: ENOENT: no such file or directory, stat '/root/server/static/404.html'

Error: ENOENT: no such file or directory, stat '/root/server/static/404.html'

Error: ENOENT: no such file or directory, stat '/root/server/static/404.html'

Error: ENOENT: no such file or directory, stat '/root/server/static/404.html'

Error: ENOENT: no such file or directory, stat '/root/server/static/404.html'

Error: ENOENT: no such file or directory, stat '/root/server/static/404.html'

Error: ENOENT: no such file or directory, stat '/root/server/static/404.html'

Error: ENOENT: no such file or directory, stat '/root/server/static/404.html'

Error: ENOENT: no such file or directory, stat '/root/server/static/404.html'

Error: ENOENT: no such file or directory, stat '/root/server/static/404.html'

Error: ENOENT: no such file or directory, stat '/root/server/static/404.html'

Error: ENOENT: no such file or directory, stat '/root/server/static/404.html'

Error: ENOENT: no such file or directory, stat '/root/server/static/404.html'

Error: ENOENT: no such file or directory, stat '/root/server/static/404.html'

Error: ENOENT: no such file or directory, stat '/root/server/static/404.html'

Error: ENOENT: no such file or directory, stat '/root/server/static/404.html'

Error: ENOENT: no such file or directory, stat '/root/server/static/404.html'

Error: ENOENT: no such file or directory, stat '/root/server/static/404.html'

Error: ENOENT: no such file or directory, stat '/root/server/static/404.html'

Error: ENOENT: no such file or directory, stat '/root/server/static/404.html'

Error: ENOENT: no such file or directory, stat '/root/server/static/404.html'

Error: ENOENT: no such file or directory, stat '/root/server/static/404.html'

Error: ENOENT: no such file or directory, stat '/root/server/static/404.html'

Error: ENOENT: no such file or directory, stat '/root/server/static/404.html'

Error: ENOENT: no such file or directory, stat '/root/server/static/404.html'

Error: ENOENT: no such file or directory, stat '/root/server/static/404.html'

Error: ENOENT: no such file or directory, stat '/root/server/static/404.html'

Error: ENOENT: no such file or directory, stat '/root/server/static/404.html'

Error: ENOENT: no such file or directory, stat '/root/server/static/404.html'

Error: ENOENT: no such file or directory, stat '/root/server/static/404.html'

Error: ENOENT: no such file or directory, stat '/root/server/static/404.html'

Error: ENOENT: no such file or directory, stat '/root/server/static/404.html'

Error: ENOENT: no such file or directory, stat '/root/server/static/404.html'

Error: ENOENT: no such file or directory, stat '/root/server/static/404.html'

Error: ENOENT: no such file or directory, stat '/root/server/static/404.html'

Error: ENOENT: no such file or directory, stat '/root/server/static/404.html'

Error: ENOENT: no such file or directory, stat '/root/server/static/404.html'

Error: ENOENT: no such file or directory, stat '/root/server/static/404.html'

Error: ENOENT: no such file or directory, stat '/root/server/static/404.html'

Error: ENOENT: no such file or directory, stat '/root/server/static/404.html'

Error: ENOENT: no such file or directory, stat '/root/server/static/404.html'

Error: ENOENT: no such file or directory, stat '/root/server/static/404.html'

Error: ENOENT: no such file or directory, stat '/root/server/static/404.html'

Error: ENOENT: no such file or directory, stat '/root/server/static/404.html'

Error: ENOENT: no such file or directory, stat '/root/server/static/404.html'

Error: ENOENT: no such file or directory, stat '/root/server/static/404.html'

Error: ENOENT: no such file or directory, stat '/root/server/static/404.html'

Error: ENOENT: no such file or directory, stat '/root/server/static/404.html'

Error: ENOENT: no such file or directory, stat '/root/server/static/404.html'

Error: ENOENT: no such file or directory, stat '/root/server/static/404.html'

Error: ENOENT: no such file or directory, stat '/root/server/static/404.html'

Error: ENOENT: no such file or directory, stat '/root/server/static/404.html'

Error: ENOENT: no such file or directory, stat '/root/server/static/404.html'

Error: ENOENT: no such file or directory, stat '/root/server/static/404.html'

Error: ENOENT: no such file or directory, stat '/root/server/static/404.html'

Error: ENOENT: no such file or directory, stat '/root/server/static/404.html'

Error: ENOENT: no such file or directory, stat '/root/server/static/404.html'

Error: ENOENT: no such file or directory, stat '/root/server/static/404.html'

Error: ENOENT: no such file or directory, stat '/root/server/static/404.html'

Error: ENOENT: no such file or directory, stat '/root/server/static/404.html'

Error: ENOENT: no such file or directory, stat '/root/server/static/404.html'

Error: ENOENT: no such file or directory, stat '/root/server/static/404.html'

Error: ENOENT: no such file or directory, stat '/root/server/static/404.html'

Error: ENOENT: no such file or directory, stat '/root/server/static/404.html'

Error: ENOENT: no such file or directory, stat '/root/server/static/404.html'

Error: ENOENT: no such file or directory, stat '/root/server/static/404.html'

Error: ENOENT: no such file or directory, stat '/root/server/static/404.html'

Error: ENOENT: no such file or directory, stat '/root/server/static/404.html'

Error: ENOENT: no such file or directory, stat '/root/server/static/404.html'

Error: ENOENT: no such file or directory, stat '/root/server/static/404.html'

Error: ENOENT: no such file or directory, stat '/root/server/static/404.html'

Error: ENOENT: no such file or directory, stat '/root/server/static/404.html'

Error: ENOENT: no such file or directory, stat '/root/server/static/404.html'

Error: ENOENT: no such file or directory, stat '/root/server/static/404.html'

Error: ENOENT: no such file or directory, stat '/root/server/static/404.html'

Error: ENOENT: no such file or directory, stat '/root/server/static/404.html'

Error: ENOENT: no such file or directory, stat '/root/server/static/404.html'

Error: ENOENT: no such file or directory, stat '/root/server/static/404.html'

Error: ENOENT: no such file or directory, stat '/root/server/static/404.html'

Error: ENOENT: no such file or directory, stat '/root/server/static/404.html'

Error: ENOENT: no such file or directory, stat '/root/server/static/404.html'

Error: ENOENT: no such file or directory, stat '/root/server/static/404.html'

Error: ENOENT: no such file or directory, stat '/root/server/static/404.html'

Error: ENOENT: no such file or directory, stat '/root/server/static/404.html'

Error: ENOENT: no such file or directory, stat '/root/server/static/404.html'

Error: ENOENT: no such file or directory, stat '/root/server/static/404.html'

Error: ENOENT: no such file or directory, stat '/root/server/static/404.html'

Error: ENOENT: no such file or directory, stat '/root/server/static/404.html'

Error: ENOENT: no such file or directory, stat '/root/server/static/404.html'

Error: ENOENT: no such file or directory, stat '/root/server/static/404.html'

Error: ENOENT: no such file or directory, stat '/root/server/static/404.html'

Error: ENOENT: no such file or directory, stat '/root/server/static/404.html'

Error: ENOENT: no such file or directory, stat '/root/server/static/404.html'

Error: ENOENT: no such file or directory, stat '/root/server/static/404.html'

Error: ENOENT: no such file or directory, stat '/root/server/static/404.html'

Error: ENOENT: no such file or directory, stat '/root/server/static/404.html'

Error: ENOENT: no such file or directory, stat '/root/server/static/404.html'

Error: ENOENT: no such file or directory, stat '/root/server/static/404.html'

Error: ENOENT: no such file or directory, stat '/root/server/static/404.html'

Error: ENOENT: no such file or directory, stat '/root/server/static/404.html'

Error: ENOENT: no such file or directory, stat '/root/server/static/404.html'

Error: ENOENT: no such file or directory, stat '/root/server/static/404.html'

Error: ENOENT: no such file or directory, stat '/root/server/static/404.html'

Error: ENOENT: no such file or directory, stat '/root/server/static/404.html'

Error: ENOENT: no such file or directory, stat '/root/server/static/404.html'

Error: ENOENT: no such file or directory, stat '/root/server/static/404.html'

Error: ENOENT: no such file or directory, stat '/root/server/static/404.html'

Error: ENOENT: no such file or directory, stat '/root/server/static/404.html'

Error: ENOENT: no such file or directory, stat '/root/server/static/404.html'

Error: ENOENT: no such file or directory, stat '/root/server/static/404.html'

Error: ENOENT: no such file or directory, stat '/root/server/static/404.html'

Error: ENOENT: no such file or directory, stat '/root/server/static/404.html'

Error: ENOENT: no such file or directory, stat '/root/server/static/404.html'

Error: ENOENT: no such file or directory, stat '/root/server/static/404.html'

Error: ENOENT: no such file or directory, stat '/root/server/static/404.html'

Error: ENOENT: no such file or directory, stat '/root/server/static/404.html'

Error: ENOENT: no such file or directory, stat '/root/server/static/404.html'

Error: ENOENT: no such file or directory, stat '/root/server/static/404.html'

Error: ENOENT: no such file or directory, stat '/root/server/static/404.html'

Error: ENOENT: no such file or directory, stat '/root/server/static/404.html'

Error: ENOENT: no such file or directory, stat '/root/server/static/404.html'

Error: ENOENT: no such file or directory, stat '/root/server/static/404.html'

Error: ENOENT: no such file or directory, stat '/root/server/static/404.html'

Error: ENOENT: no such file or directory, stat '/root/server/static/404.html'

Error: ENOENT: no such file or directory, stat '/root/server/static/404.html'

Error: ENOENT: no such file or directory, stat '/root/server/static/404.html'

Error: ENOENT: no such file or directory, stat '/root/server/static/404.html'

Error: ENOENT: no such file or directory, stat '/root/server/static/404.html'

Error: ENOENT: no such file or directory, stat '/root/server/static/404.html'

Error: ENOENT: no such file or directory, stat '/root/server/static/404.html'

Error: ENOENT: no such file or directory, stat '/root/server/static/404.html'

Error: ENOENT: no such file or directory, stat '/root/server/static/404.html'

Error: ENOENT: no such file or directory, stat '/root/server/static/404.html'

Error: ENOENT: no such file or directory, stat '/root/server/static/404.html'

Error: ENOENT: no such file or directory, stat '/root/server/static/404.html'

Error: ENOENT: no such file or directory, stat '/root/server/static/404.html'

Error: ENOENT: no such file or directory, stat '/root/server/static/404.html'

Error: ENOENT: no such file or directory, stat '/root/server/static/404.html'

Error: ENOENT: no such file or directory, stat '/root/server/static/404.html'

Error: ENOENT: no such file or directory, stat '/root/server/static/404.html'

Error: ENOENT: no such file or directory, stat '/root/server/static/404.html'

Error: ENOENT: no such file or directory, stat '/root/server/static/404.html'

Error: ENOENT: no such file or directory, stat '/root/server/static/404.html'

Error: ENOENT: no such file or directory, stat '/root/server/static/404.html'

Error: ENOENT: no such file or directory, stat '/root/server/static/404.html'

Error: ENOENT: no such file or directory, stat '/root/server/static/404.html'

Error: ENOENT: no such file or directory, stat '/root/server/static/404.html'

Error: ENOENT: no such file or directory, stat '/root/server/static/404.html'

Error: ENOENT: no such file or directory, stat '/root/server/static/404.html'

Error: ENOENT: no such file or directory, stat '/root/server/static/404.html'

Error: ENOENT: no such file or directory, stat '/root/server/static/404.html'

Error: ENOENT: no such file or directory, stat '/root/server/static/404.html'

Error: ENOENT: no such file or directory, stat '/root/server/static/404.html'

Error: ENOENT: no such file or directory, stat '/root/server/static/404.html'

Error: ENOENT: no such file or directory, stat '/root/server/static/404.html'

Error: ENOENT: no such file or directory, stat '/root/server/static/404.html'

Error: ENOENT: no such file or directory, stat '/root/server/static/404.html'

Error: ENOENT: no such file or directory, stat '/root/server/static/404.html'

Error: ENOENT: no such file or directory, stat '/root/server/static/404.html'

Error: ENOENT: no such file or directory, stat '/root/server/static/404.html'

Error: ENOENT: no such file or directory, stat '/root/server/static/404.html'

Error: ENOENT: no such file or directory, stat '/root/server/static/404.html'

Error: ENOENT: no such file or directory, stat '/root/server/static/404.html'

Error: ENOENT: no such file or directory, stat '/root/server/static/404.html'

Error: ENOENT: no such file or directory, stat '/root/server/static/404.html'

Error: ENOENT: no such file or directory, stat '/root/server/static/404.html'

Error: ENOENT: no such file or directory, stat '/root/server/static/404.html'

Error: ENOENT: no such file or directory, stat '/root/server/static/404.html'

Error: ENOENT: no such file or directory, stat '/root/server/static/404.html'

Error: ENOENT: no such file or directory, stat '/root/server/static/404.html'

Error: ENOENT: no such file or directory, stat '/root/server/static/404.html'

Error: ENOENT: no such file or directory, stat '/root/server/static/404.html'

Error: ENOENT: no such file or directory, stat '/root/server/static/404.html'

Error: ENOENT: no such file or directory, stat '/root/server/static/404.html'

Error: ENOENT: no such file or directory, stat '/root/server/static/404.html'

Error: ENOENT: no such file or directory, stat '/root/server/static/404.html'

Error: ENOENT: no such file or directory, stat '/root/server/static/404.html'

Error: ENOENT: no such file or directory, stat '/root/server/static/404.html'

Error: ENOENT: no such file or directory, stat '/root/server/static/404.html'

Error: ENOENT: no such file or directory, stat '/root/server/static/404.html'

Error: ENOENT: no such file or directory, stat '/root/server/static/404.html'

Error: ENOENT: no such file or directory, stat '/root/server/static/404.html'

Error: ENOENT: no such file or directory, stat '/root/server/static/404.html'

Error: ENOENT: no such file or directory, stat '/root/server/static/404.html'

Error: ENOENT: no such file or directory, stat '/root/server/static/404.html'

Error: ENOENT: no such file or directory, stat '/root/server/static/404.html'

Error: ENOENT: no such file or directory, stat '/root/server/static/404.html'

Error: ENOENT: no such file or directory, stat '/root/server/static/404.html'

Error: ENOENT: no such file or directory, stat '/root/server/static/404.html'

Error: ENOENT: no such file or directory, stat '/root/server/static/404.html'

Error: ENOENT: no such file or directory, stat '/root/server/static/404.html'

Error: ENOENT: no such file or directory, stat '/root/server/static/404.html'

Error: ENOENT: no such file or directory, stat '/root/server/static/404.html'

Error: ENOENT: no such file or directory, stat '/root/server/static/404.html'

Error: ENOENT: no such file or directory, stat '/root/server/static/404.html'

Error: ENOENT: no such file or directory, stat '/root/server/static/404.html'

Error: ENOENT: no such file or directory, stat '/root/server/static/404.html'

Error: ENOENT: no such file or directory, stat '/root/server/static/404.html'

Error: ENOENT: no such file or directory, stat '/root/server/static/404.html'

Error: ENOENT: no such file or directory, stat '/root/server/static/404.html'

Error: ENOENT: no such file or directory, stat '/root/server/static/404.html'

Error: ENOENT: no such file or directory, stat '/root/server/static/404.html'

Error: ENOENT: no such file or directory, stat '/root/server/static/404.html'

Error: ENOENT: no such file or directory, stat '/root/server/static/404.html'

Error: ENOENT: no such file or directory, stat '/root/server/static/404.html'

Error: ENOENT: no such file or directory, stat '/root/server/static/404.html'

Error: ENOENT: no such file or directory, stat '/root/server/static/404.html'

Error: ENOENT: no such file or directory, stat '/root/server/static/404.html'

Error: ENOENT: no such file or directory, stat '/root/server/static/404.html'

Error: ENOENT: no such file or directory, stat '/root/server/static/404.html'

Error: ENOENT: no such file or directory, stat '/root/server/static/404.html'

Error: ENOENT: no such file or directory, stat '/root/server/static/404.html'

Error: ENOENT: no such file or directory, stat '/root/server/static/404.html'

Error: ENOENT: no such file or directory, stat '/root/server/static/404.html'

Error: ENOENT: no such file or directory, stat '/root/server/static/404.html'

Error: ENOENT: no such file or directory, stat '/root/server/static/404.html'

Error: ENOENT: no such file or directory, stat '/root/server/static/404.html'

Error: ENOENT: no such file or directory, stat '/root/server/static/404.html'

Error: ENOENT: no such file or directory, stat '/root/server/static/404.html'

Error: ENOENT: no such file or directory, stat '/root/server/static/404.html'

Error: ENOENT: no such file or directory, stat '/root/server/static/404.html'

Error: ENOENT: no such file or directory, stat '/root/server/static/404.html'

Error: ENOENT: no such file or directory, stat '/root/server/static/404.html'

Error: ENOENT: no such file or directory, stat '/root/server/static/404.html'

Error: ENOENT: no such file or directory, stat '/root/server/static/404.html'

Error: ENOENT: no such file or directory, stat '/root/server/static/404.html'

Error: ENOENT: no such file or directory, stat '/root/server/static/404.html'

Error: ENOENT: no such file or directory, stat '/root/server/static/404.html'

Error: ENOENT: no such file or directory, stat '/root/server/static/404.html'

Error: ENOENT: no such file or directory, stat '/root/server/static/404.html'

Error: ENOENT: no such file or directory, stat '/root/server/static/404.html'

Error: ENOENT: no such file or directory, stat '/root/server/static/404.html'

Error: ENOENT: no such file or directory, stat '/root/server/static/404.html'

Error: ENOENT: no such file or directory, stat '/root/server/static/404.html'

Error: ENOENT: no such file or directory, stat '/root/server/static/404.html'

Error: ENOENT: no such file or directory, stat '/root/server/static/404.html'

Error: ENOENT: no such file or directory, stat '/root/server/static/404.html'

Error: ENOENT: no such file or directory, stat '/root/server/static/404.html'

Error: ENOENT: no such file or directory, stat '/root/server/static/404.html'

Error: ENOENT: no such file or directory, stat '/root/server/static/404.html'

Error: ENOENT: no such file or directory, stat '/root/server/static/404.html'

Error: ENOENT: no such file or directory, stat '/root/server/static/404.html'

Error: ENOENT: no such file or directory, stat '/root/server/static/404.html'

Error: ENOENT: no such file or directory, stat '/root/server/static/404.html'

Error: ENOENT: no such file or directory, stat '/root/server/static/404.html'

Error: ENOENT: no such file or directory, stat '/root/server/static/404.html'

Error: ENOENT: no such file or directory, stat '/root/server/static/404.html'

Error: ENOENT: no such file or directory, stat '/root/server/static/404.html'

Error: ENOENT: no such file or directory, stat '/root/server/static/404.html'

Error: ENOENT: no such file or directory, stat '/root/server/static/404.html'

Error: ENOENT: no such file or directory, stat '/root/server/static/404.html'

Error: ENOENT: no such file or directory, stat '/root/server/static/404.html'

Error: ENOENT: no such file or directory, stat '/root/server/static/404.html'

Error: ENOENT: no such file or directory, stat '/root/server/static/404.html'

Error: ENOENT: no such file or directory, stat '/root/server/static/404.html'

Error: ENOENT: no such file or directory, stat '/root/server/static/404.html'

Error: ENOENT: no such file or directory, stat '/root/server/static/404.html'

Error: ENOENT: no such file or directory, stat '/root/server/static/404.html'

Error: ENOENT: no such file or directory, stat '/root/server/static/404.html'

Error: ENOENT: no such file or directory, stat '/root/server/static/404.html'

Error: ENOENT: no such file or directory, stat '/root/server/static/404.html'

Error: ENOENT: no such file or directory, stat '/root/server/static/404.html'

Error: ENOENT: no such file or directory, stat '/root/server/static/404.html'

Error: ENOENT: no such file or directory, stat '/root/server/static/404.html'

Error: ENOENT: no such file or directory, stat '/root/server/static/404.html'

Error: ENOENT: no such file or directory, stat '/root/server/static/404.html'

Error: ENOENT: no such file or directory, stat '/root/server/static/404.html'

Error: ENOENT: no such file or directory, stat '/root/server/static/404.html'

Error: ENOENT: no such file or directory, stat '/root/server/static/404.html'

Error: ENOENT: no such file or directory, stat '/root/server/static/404.html'

Error: ENOENT: no such file or directory, stat '/root/server/static/404.html'

Error: ENOENT: no such file or directory, stat '/root/server/static/404.html'

Error: ENOENT: no such file or directory, stat '/root/server/static/404.html'

Error: ENOENT: no such file or directory, stat '/root/server/static/404.html'

Error: ENOENT: no such file or directory, stat '/root/server/static/404.html'

Error: ENOENT: no such file or directory, stat '/root/server/static/404.html'

Error: ENOENT: no such file or directory, stat '/root/server/static/404.html'

Error: ENOENT: no such file or directory, stat '/root/server/static/404.html'

Error: ENOENT: no such file or directory, stat '/root/server/static/404.html'

Error: ENOENT: no such file or directory, stat '/root/server/static/404.html'

Error: ENOENT: no such file or directory, stat '/root/server/static/404.html'

Error: ENOENT: no such file or directory, stat '/root/server/static/404.html'

Error: ENOENT: no such file or directory, stat '/root/server/static/404.html'

Error: ENOENT: no such file or directory, stat '/root/server/static/404.html'

Error: ENOENT: no such file or directory, stat '/root/server/static/404.html'

Error: ENOENT: no such file or directory, stat '/root/server/static/404.html'

Error: ENOENT: no such file or directory, stat '/root/server/static/404.html'

Error: ENOENT: no such file or directory, stat '/root/server/static/404.html'

Error: ENOENT: no such file or directory, stat '/root/server/static/404.html'

Error: ENOENT: no such file or directory, stat '/root/server/static/404.html'

Error: ENOENT: no such file or directory, stat '/root/server/static/404.html'

Error: ENOENT: no such file or directory, stat '/root/server/static/404.html'

Error: ENOENT: no such file or directory, stat '/root/server/static/404.html'

Error: ENOENT: no such file or directory, stat '/root/server/static/404.html'

Error: ENOENT: no such file or directory, stat '/root/server/static/404.html'

Error: ENOENT: no such file or directory, stat '/root/server/static/404.html'

Error: ENOENT: no such file or directory, stat '/root/server/static/404.html'

Error: ENOENT: no such file or directory, stat '/root/server/static/404.html'

Error: ENOENT: no such file or directory, stat '/root/server/static/404.html'

Error: ENOENT: no such file or directory, stat '/root/server/static/404.html'

Error: ENOENT: no such file or directory, stat '/root/server/static/404.html'

Error: ENOENT: no such file or directory, stat '/root/server/static/404.html'

Error: ENOENT: no such file or directory, stat '/root/server/static/404.html'

Error: ENOENT: no such file or directory, stat '/root/server/static/404.html'

Error: ENOENT: no such file or directory, stat '/root/server/static/404.html'

Error: ENOENT: no such file or directory, stat '/root/server/static/404.html'

Error: ENOENT: no such file or directory, stat '/root/server/static/404.html'

Error: ENOENT: no such file or directory, stat '/root/server/static/404.html'

Error: ENOENT: no such file or directory, stat '/root/server/static/404.html'

Error: ENOENT: no such file or directory, stat '/root/server/static/404.html'

Error: ENOENT: no such file or directory, stat '/root/server/static/404.html'

Error: ENOENT: no such file or directory, stat '/root/server/static/404.html'

Error: ENOENT: no such file or directory, stat '/root/server/static/404.html'

Error: ENOENT: no such file or directory, stat '/root/server/static/404.html'

Error: ENOENT: no such file or directory, stat '/root/server/static/404.html'

Error: ENOENT: no such file or directory, stat '/root/server/static/404.html'

Error: ENOENT: no such file or directory, stat '/root/server/static/404.html'

Error: ENOENT: no such file or directory, stat '/root/server/static/404.html'

Error: ENOENT: no such file or directory, stat '/root/server/static/404.html'

Error: ENOENT: no such file or directory, stat '/root/server/static/404.html'

Error: ENOENT: no such file or directory, stat '/root/server/static/404.html'

Error: ENOENT: no such file or directory, stat '/root/server/static/404.html'

Error: ENOENT: no such file or directory, stat '/root/server/static/404.html'

Error: ENOENT: no such file or directory, stat '/root/server/static/404.html'

Error: ENOENT: no such file or directory, stat '/root/server/static/404.html'

Error: ENOENT: no such file or directory, stat '/root/server/static/404.html'

Error: ENOENT: no such file or directory, stat '/root/server/static/404.html'

Error: ENOENT: no such file or directory, stat '/root/server/static/404.html'

Error: ENOENT: no such file or directory, stat '/root/server/static/404.html'

Error: ENOENT: no such file or directory, stat '/root/server/static/404.html'

Error: ENOENT: no such file or directory, stat '/root/server/static/404.html'

Error: ENOENT: no such file or directory, stat '/root/server/static/404.html'

Error: ENOENT: no such file or directory, stat '/root/server/static/404.html'

Error: ENOENT: no such file or directory, stat '/root/server/static/404.html'

Error: ENOENT: no such file or directory, stat '/root/server/static/404.html'

Error: ENOENT: no such file or directory, stat '/root/server/static/404.html'

Error: ENOENT: no such file or directory, stat '/root/server/static/404.html'

Error: ENOENT: no such file or directory, stat '/root/server/static/404.html'

Error: ENOENT: no such file or directory, stat '/root/server/static/404.html'

Error: ENOENT: no such file or directory, stat '/root/server/static/404.html'

Error: ENOENT: no such file or directory, stat '/root/server/static/404.html'

Error: ENOENT: no such file or directory, stat '/root/server/static/404.html'

Error: ENOENT: no such file or directory, stat '/root/server/static/404.html'

Error: ENOENT: no such file or directory, stat '/root/server/static/404.html'

Error: ENOENT: no such file or directory, stat '/root/server/static/404.html'

Error: ENOENT: no such file or directory, stat '/root/server/static/404.html'

Error: ENOENT: no such file or directory, stat '/root/server/static/404.html'

Error: ENOENT: no such file or directory, stat '/root/server/static/404.html'

Error: ENOENT: no such file or directory, stat '/root/server/static/404.html'

Error: ENOENT: no such file or directory, stat '/root/server/static/404.html'

Error: ENOENT: no such file or directory, stat '/root/server/static/404.html'

Error: ENOENT: no such file or directory, stat '/root/server/static/404.html'

Error: ENOENT: no such file or directory, stat '/root/server/static/404.html'

Error: ENOENT: no such file or directory, stat '/root/server/static/404.html'

Error: ENOENT: no such file or directory, stat '/root/server/static/404.html'

Error: ENOENT: no such file or directory, stat '/root/server/static/404.html'

Error: ENOENT: no such file or directory, stat '/root/server/static/404.html'

Error: ENOENT: no such file or directory, stat '/root/server/static/404.html'

Error: ENOENT: no such file or directory, stat '/root/server/static/404.html'

Error: ENOENT: no such file or directory, stat '/root/server/static/404.html'

Error: ENOENT: no such file or directory, stat '/root/server/static/404.html'

Error: ENOENT: no such file or directory, stat '/root/server/static/404.html'

Error: ENOENT: no such file or directory, stat '/root/server/static/404.html'

Error: ENOENT: no such file or directory, stat '/root/server/static/404.html'

Error: ENOENT: no such file or directory, stat '/root/server/static/404.html'

Error: ENOENT: no such file or directory, stat '/root/server/static/404.html'

Error: ENOENT: no such file or directory, stat '/root/server/static/404.html'

Error: ENOENT: no such file or directory, stat '/root/server/static/404.html'

Error: ENOENT: no such file or directory, stat '/root/server/static/404.html'

Error: ENOENT: no such file or directory, stat '/root/server/static/404.html'

Error: ENOENT: no such file or directory, stat '/root/server/static/404.html'

Error: ENOENT: no such file or directory, stat '/root/server/static/404.html'

Error: ENOENT: no such file or directory, stat '/root/server/static/404.html'

Error: ENOENT: no such file or directory, stat '/root/server/static/404.html'

Error: ENOENT: no such file or directory, stat '/root/server/static/404.html'

Error: ENOENT: no such file or directory, stat '/root/server/static/404.html'

Error: ENOENT: no such file or directory, stat '/root/server/static/404.html'

Error: ENOENT: no such file or directory, stat '/root/server/static/404.html'

Error: ENOENT: no such file or directory, stat '/root/server/static/404.html'

Error: ENOENT: no such file or directory, stat '/root/server/static/404.html'

Error: ENOENT: no such file or directory, stat '/root/server/static/404.html'

Error: ENOENT: no such file or directory, stat '/root/server/static/404.html'

Error: ENOENT: no such file or directory, stat '/root/server/static/404.html'

Error: ENOENT: no such file or directory, stat '/root/server/static/404.html'

Error: ENOENT: no such file or directory, stat '/root/server/static/404.html'

Error: ENOENT: no such file or directory, stat '/root/server/static/404.html'

Error: ENOENT: no such file or directory, stat '/root/server/static/404.html'

Error: ENOENT: no such file or directory, stat '/root/server/static/404.html'

Error: ENOENT: no such file or directory, stat '/root/server/static/404.html'

Error: ENOENT: no such file or directory, stat '/root/server/static/404.html'

Error: ENOENT: no such file or directory, stat '/root/server/static/404.html'

Error: ENOENT: no such file or directory, stat '/root/server/static/404.html'

Error: ENOENT: no such file or directory, stat '/root/server/static/404.html'

Error: ENOENT: no such file or directory, stat '/root/server/static/404.html'

Error: ENOENT: no such file or directory, stat '/root/server/static/404.html'

Error: ENOENT: no such file or directory, stat '/root/server/static/404.html'

Error: ENOENT: no such file or directory, stat '/root/server/static/404.html'

Error: ENOENT: no such file or directory, stat '/root/server/static/404.html'

Error: ENOENT: no such file or directory, stat '/root/server/static/404.html'

Error: ENOENT: no such file or directory, stat '/root/server/static/404.html'

Error: ENOENT: no such file or directory, stat '/root/server/static/404.html'

Error: ENOENT: no such file or directory, stat '/root/server/static/404.html'

Error: ENOENT: no such file or directory, stat '/root/server/static/404.html'

Error: ENOENT: no such file or directory, stat '/root/server/static/404.html'

Error: ENOENT: no such file or directory, stat '/root/server/static/404.html'

Error: ENOENT: no such file or directory, stat '/root/server/static/404.html'

Error: ENOENT: no such file or directory, stat '/root/server/static/404.html'

Error: ENOENT: no such file or directory, stat '/root/server/static/404.html'

Error: ENOENT: no such file or directory, stat '/root/server/static/404.html'

Error: ENOENT: no such file or directory, stat '/root/server/static/404.html'

Error: ENOENT: no such file or directory, stat '/root/server/static/404.html'

Error: ENOENT: no such file or directory, stat '/root/server/static/404.html'

Error: ENOENT: no such file or directory, stat '/root/server/static/404.html'

Error: ENOENT: no such file or directory, stat '/root/server/static/404.html'

Error: ENOENT: no such file or directory, stat '/root/server/static/404.html'

Error: ENOENT: no such file or directory, stat '/root/server/static/404.html'

Error: ENOENT: no such file or directory, stat '/root/server/static/404.html'

Error: ENOENT: no such file or directory, stat '/root/server/static/404.html'

Error: ENOENT: no such file or directory, stat '/root/server/static/404.html'

Error: ENOENT: no such file or directory, stat '/root/server/static/404.html'

Error: ENOENT: no such file or directory, stat '/root/server/static/404.html'

Error: ENOENT: no such file or directory, stat '/root/server/static/404.html'

Error: ENOENT: no such file or directory, stat '/root/server/static/404.html'

Error: ENOENT: no such file or directory, stat '/root/server/static/404.html'

Error: ENOENT: no such file or directory, stat '/root/server/static/404.html'

Error: ENOENT: no such file or directory, stat '/root/server/static/404.html'

Error: ENOENT: no such file or directory, stat '/root/server/static/404.html'

Error: ENOENT: no such file or directory, stat '/root/server/static/404.html'

Error: ENOENT: no such file or directory, stat '/root/server/static/404.html'

Error: ENOENT: no such file or directory, stat '/root/server/static/404.html'

Error: ENOENT: no such file or directory, stat '/root/server/static/404.html'

Error: ENOENT: no such file or directory, stat '/root/server/static/404.html'

Error: ENOENT: no such file or directory, stat '/root/server/static/404.html'

Error: ENOENT: no such file or directory, stat '/root/server/static/404.html'

Error: ENOENT: no such file or directory, stat '/root/server/static/404.html'

Error: ENOENT: no such file or directory, stat '/root/server/static/404.html'

Error: ENOENT: no such file or directory, stat '/root/server/static/404.html'

Error: ENOENT: no such file or directory, stat '/root/server/static/404.html'

Error: ENOENT: no such file or directory, stat '/root/server/static/404.html'

Error: ENOENT: no such file or directory, stat '/root/server/static/404.html'

Error: ENOENT: no such file or directory, stat '/root/server/static/404.html'

Error: ENOENT: no such file or directory, stat '/root/server/static/404.html'

Error: ENOENT: no such file or directory, stat '/root/server/static/404.html'

Error: ENOENT: no such file or directory, stat '/root/server/static/404.html'

Error: ENOENT: no such file or directory, stat '/root/server/static/404.html'

Error: ENOENT: no such file or directory, stat '/root/server/static/404.html'

Error: ENOENT: no such file or directory, stat '/root/server/static/404.html'

Error: ENOENT: no such file or directory, stat '/root/server/static/404.html'

Error: ENOENT: no such file or directory, stat '/root/server/static/404.html'

Error: ENOENT: no such file or directory, stat '/root/server/static/404.html'

Error: ENOENT: no such file or directory, stat '/root/server/static/404.html'

Error: ENOENT: no such file or directory, stat '/root/server/static/404.html'

Error: ENOENT: no such file or directory, stat '/root/server/static/404.html'

Error: ENOENT: no such file or directory, stat '/root/server/static/404.html'

Error: ENOENT: no such file or directory, stat '/root/server/static/404.html'

Error: ENOENT: no such file or directory, stat '/root/server/static/404.html'

Error: ENOENT: no such file or directory, stat '/root/server/static/404.html'

Error: ENOENT: no such file or directory, stat '/root/server/static/404.html'

Error: ENOENT: no such file or directory, stat '/root/server/static/404.html'

Error: ENOENT: no such file or directory, stat '/root/server/static/404.html'

Error: ENOENT: no such file or directory, stat '/root/server/static/404.html'

Error: ENOENT: no such file or directory, stat '/root/server/static/404.html'

Error: ENOENT: no such file or directory, stat '/root/server/static/404.html'

Error: ENOENT: no such file or directory, stat '/root/server/static/404.html'

Error: ENOENT: no such file or directory, stat '/root/server/static/404.html'

Error: ENOENT: no such file or directory, stat '/root/server/static/404.html'

Error: ENOENT: no such file or directory, stat '/root/server/static/404.html'

Error: ENOENT: no such file or directory, stat '/root/server/static/404.html'

Error: ENOENT: no such file or directory, stat '/root/server/static/404.html'

Error: ENOENT: no such file or directory, stat '/root/server/static/404.html'

Error: ENOENT: no such file or directory, stat '/root/server/static/404.html'

Error: ENOENT: no such file or directory, stat '/root/server/static/404.html'

Error: ENOENT: no such file or directory, stat '/root/server/static/404.html'

Error: ENOENT: no such file or directory, stat '/root/server/static/404.html'

Error: ENOENT: no such file or directory, stat '/root/server/static/404.html'

Error: ENOENT: no such file or directory, stat '/root/server/static/404.html'

Error: ENOENT: no such file or directory, stat '/root/server/static/404.html'

Error: ENOENT: no such file or directory, stat '/root/server/static/404.html'

Error: ENOENT: no such file or directory, stat '/root/server/static/404.html'

Error: ENOENT: no such file or directory, stat '/root/server/static/404.html'

Error: ENOENT: no such file or directory, stat '/root/server/static/404.html'

Error: ENOENT: no such file or directory, stat '/root/server/static/404.html'

Error: ENOENT: no such file or directory, stat '/root/server/static/404.html'

Error: ENOENT: no such file or directory, stat '/root/server/static/404.html'

Error: ENOENT: no such file or directory, stat '/root/server/static/404.html'

Error: ENOENT: no such file or directory, stat '/root/server/static/404.html'

Error: ENOENT: no such file or directory, stat '/root/server/static/404.html'

Error: ENOENT: no such file or directory, stat '/root/server/static/404.html'

Error: ENOENT: no such file or directory, stat '/root/server/static/404.html'

Error: ENOENT: no such file or directory, stat '/root/server/static/404.html'

Error: ENOENT: no such file or directory, stat '/root/server/static/404.html'

Error: ENOENT: no such file or directory, stat '/root/server/static/404.html'

Error: ENOENT: no such file or directory, stat '/root/server/static/404.html'

Error: ENOENT: no such file or directory, stat '/root/server/static/404.html'

Error: ENOENT: no such file or directory, stat '/root/server/static/404.html'

Error: ENOENT: no such file or directory, stat '/root/server/static/404.html'

Error: ENOENT: no such file or directory, stat '/root/server/static/404.html'

Error: ENOENT: no such file or directory, stat '/root/server/static/404.html'

Error: ENOENT: no such file or directory, stat '/root/server/static/404.html'

Error: ENOENT: no such file or directory, stat '/root/server/static/404.html'

Error: ENOENT: no such file or directory, stat '/root/server/static/404.html'

Error: ENOENT: no such file or directory, stat '/root/server/static/404.html'

Error: ENOENT: no such file or directory, stat '/root/server/static/404.html'

Error: ENOENT: no such file or directory, stat '/root/server/static/404.html'

Error: ENOENT: no such file or directory, stat '/root/server/static/404.html'

Error: ENOENT: no such file or directory, stat '/root/server/static/404.html'

Error: ENOENT: no such file or directory, stat '/root/server/static/404.html'

Error: ENOENT: no such file or directory, stat '/root/server/static/404.html'

Error: ENOENT: no such file or directory, stat '/root/server/static/404.html'

Error: ENOENT: no such file or directory, stat '/root/server/static/404.html'

Error: ENOENT: no such file or directory, stat '/root/server/static/404.html'

Error: ENOENT: no such file or directory, stat '/root/server/static/404.html'

Error: ENOENT: no such file or directory, stat '/root/server/static/404.html'

Error: ENOENT: no such file or directory, stat '/root/server/static/404.html'

Error: ENOENT: no such file or directory, stat '/root/server/static/404.html'

Error: ENOENT: no such file or directory, stat '/root/server/static/404.html'

Error: ENOENT: no such file or directory, stat '/root/server/static/404.html'

Error: ENOENT: no such file or directory, stat '/root/server/static/404.html'

Error: ENOENT: no such file or directory, stat '/root/server/static/404.html'

Error: ENOENT: no such file or directory, stat '/root/server/static/404.html'

Error: ENOENT: no such file or directory, stat '/root/server/static/404.html'

Error: ENOENT: no such file or directory, stat '/root/server/static/404.html'

Error: ENOENT: no such file or directory, stat '/root/server/static/404.html'

Error: ENOENT: no such file or directory, stat '/root/server/static/404.html'

Error: ENOENT: no such file or directory, stat '/root/server/static/404.html'

Error: ENOENT: no such file or directory, stat '/root/server/static/404.html'

Error: ENOENT: no such file or directory, stat '/root/server/static/404.html'

Error: ENOENT: no such file or directory, stat '/root/server/static/404.html'

Error: ENOENT: no such file or directory, stat '/root/server/static/404.html'

Error: ENOENT: no such file or directory, stat '/root/server/static/404.html'

Error: ENOENT: no such file or directory, stat '/root/server/static/404.html'

Error: ENOENT: no such file or directory, stat '/root/server/static/404.html'

Error: ENOENT: no such file or directory, stat '/root/server/static/404.html'

Error: ENOENT: no such file or directory, stat '/root/server/static/404.html'

Error: ENOENT: no such file or directory, stat '/root/server/static/404.html'

Error: ENOENT: no such file or directory, stat '/root/server/static/404.html'

Error: ENOENT: no such file or directory, stat '/root/server/static/404.html'

Error: ENOENT: no such file or directory, stat '/root/server/static/404.html'

Error: ENOENT: no such file or directory, stat '/root/server/static/404.html'

Error: ENOENT: no such file or directory, stat '/root/server/static/404.html'

Error: ENOENT: no such file or directory, stat '/root/server/static/404.html'

Error: ENOENT: no such file or directory, stat '/root/server/static/404.html'

Error: ENOENT: no such file or directory, stat '/root/server/static/404.html'

Error: ENOENT: no such file or directory, stat '/root/server/static/404.html'

Error: ENOENT: no such file or directory, stat '/root/server/static/404.html'

Error: ENOENT: no such file or directory, stat '/root/server/static/404.html'

Error: ENOENT: no such file or directory, stat '/root/server/static/404.html'

Error: ENOENT: no such file or directory, stat '/root/server/static/404.html'

Error: ENOENT: no such file or directory, stat '/root/server/static/404.html'

Error: ENOENT: no such file or directory, stat '/root/server/static/404.html'

Error: ENOENT: no such file or directory, stat '/root/server/static/404.html'

Error: ENOENT: no such file or directory, stat '/root/server/static/404.html'

Error: ENOENT: no such file or directory, stat '/root/server/static/404.html'

Error: ENOENT: no such file or directory, stat '/root/server/static/404.html'

Error: ENOENT: no such file or directory, stat '/root/server/static/404.html'

Error: ENOENT: no such file or directory, stat '/root/server/static/404.html'

Error: ENOENT: no such file or directory, stat '/root/server/static/404.html'

Error: ENOENT: no such file or directory, stat '/root/server/static/404.html'

Error: ENOENT: no such file or directory, stat '/root/server/static/404.html'

Error: ENOENT: no such file or directory, stat '/root/server/static/404.html'

Error: ENOENT: no such file or directory, stat '/root/server/static/404.html'

Error: ENOENT: no such file or directory, stat '/root/server/static/404.html'

Error: ENOENT: no such file or directory, stat '/root/server/static/404.html'

Error: ENOENT: no such file or directory, stat '/root/server/static/404.html'

Error: ENOENT: no such file or directory, stat '/root/server/static/404.html'

Error: ENOENT: no such file or directory, stat '/root/server/static/404.html'

Error: ENOENT: no such file or directory, stat '/root/server/static/404.html'

Error: ENOENT: no such file or directory, stat '/root/server/static/404.html'

Error: ENOENT: no such file or directory, stat '/root/server/static/404.html'

Error: ENOENT: no such file or directory, stat '/root/server/static/404.html'

Error: ENOENT: no such file or directory, stat '/root/server/static/404.html'

Error: ENOENT: no such file or directory, stat '/root/server/static/404.html'

Error: ENOENT: no such file or directory, stat '/root/server/static/404.html'

Error: ENOENT: no such file or directory, stat '/root/server/static/404.html'

Error: ENOENT: no such file or directory, stat '/root/server/static/404.html'

Error: ENOENT: no such file or directory, stat '/root/server/static/404.html'

Error: ENOENT: no such file or directory, stat '/root/server/static/404.html'

Error: ENOENT: no such file or directory, stat '/root/server/static/404.html'

Error: ENOENT: no such file or directory, stat '/root/server/static/404.html'

Error: ENOENT: no such file or directory, stat '/root/server/static/404.html'

Error: ENOENT: no such file or directory, stat '/root/server/static/404.html'

Error: ENOENT: no such file or directory, stat '/root/server/static/404.html'

Error: ENOENT: no such file or directory, stat '/root/server/static/404.html'

Error: ENOENT: no such file or directory, stat '/root/server/static/404.html'

Error: ENOENT: no such file or directory, stat '/root/server/static/404.html'

Error: ENOENT: no such file or directory, stat '/root/server/static/404.html'

Error: ENOENT: no such file or directory, stat '/root/server/static/404.html'

Error: ENOENT: no such file or directory, stat '/root/server/static/404.html'

Error: ENOENT: no such file or directory, stat '/root/server/static/404.html'

Error: ENOENT: no such file or directory, stat '/root/server/static/404.html'

Error: ENOENT: no such file or directory, stat '/root/server/static/404.html'

Error: ENOENT: no such file or directory, stat '/root/server/static/404.html'

Error: ENOENT: no such file or directory, stat '/root/server/static/404.html'

Error: ENOENT: no such file or directory, stat '/root/server/static/404.html'

Error: ENOENT: no such file or directory, stat '/root/server/static/404.html'

Error: ENOENT: no such file or directory, stat '/root/server/static/404.html'

Error: ENOENT: no such file or directory, stat '/root/server/static/404.html'

Error: ENOENT: no such file or directory, stat '/root/server/static/404.html'

Error: ENOENT: no such file or directory, stat '/root/server/static/404.html'

Error: ENOENT: no such file or directory, stat '/root/server/static/404.html'

Error: ENOENT: no such file or directory, stat '/root/server/static/404.html'

Error: ENOENT: no such file or directory, stat '/root/server/static/404.html'

Error: ENOENT: no such file or directory, stat '/root/server/static/404.html'

Error: ENOENT: no such file or directory, stat '/root/server/static/404.html'

Error: ENOENT: no such file or directory, stat '/root/server/static/404.html'

Error: ENOENT: no such file or directory, stat '/root/server/static/404.html'

Error: ENOENT: no such file or directory, stat '/root/server/static/404.html'

Error: ENOENT: no such file or directory, stat '/root/server/static/404.html'

Error: ENOENT: no such file or directory, stat '/root/server/static/404.html'

Error: ENOENT: no such file or directory, stat '/root/server/static/404.html'

Error: ENOENT: no such file or directory, stat '/root/server/static/404.html'

Error: ENOENT: no such file or directory, stat '/root/server/static/404.html'

Error: ENOENT: no such file or directory, stat '/root/server/static/404.html'

Error: ENOENT: no such file or directory, stat '/root/server/static/404.html'

Error: ENOENT: no such file or directory, stat '/root/server/static/404.html'

Error: ENOENT: no such file or directory, stat '/root/server/static/404.html'

Error: ENOENT: no such file or directory, stat '/root/server/static/404.html'

Error: ENOENT: no such file or directory, stat '/root/server/static/404.html'

Error: ENOENT: no such file or directory, stat '/root/server/static/404.html'

Error: ENOENT: no such file or directory, stat '/root/server/static/404.html'

Error: ENOENT: no such file or directory, stat '/root/server/static/404.html'

Error: ENOENT: no such file or directory, stat '/root/server/static/404.html'

Error: ENOENT: no such file or directory, stat '/root/server/static/404.html'

Error: ENOENT: no such file or directory, stat '/root/server/static/404.html'

Error: ENOENT: no such file or directory, stat '/root/server/static/404.html'

Error: ENOENT: no such file or directory, stat '/root/server/static/404.html'

Error: ENOENT: no such file or directory, stat '/root/server/static/404.html'

Error: ENOENT: no such file or directory, stat '/root/server/static/404.html'

Error: ENOENT: no such file or directory, stat '/root/server/static/404.html'

Error: ENOENT: no such file or directory, stat '/root/server/static/404.html'

Error: ENOENT: no such file or directory, stat '/root/server/static/404.html'

Error: ENOENT: no such file or directory, stat '/root/server/static/404.html'

Error: ENOENT: no such file or directory, stat '/root/server/static/404.html'

Error: ENOENT: no such file or directory, stat '/root/server/static/404.html'

Error: ENOENT: no such file or directory, stat '/root/server/static/404.html'

Error: ENOENT: no such file or directory, stat '/root/server/static/404.html'

Error: ENOENT: no such file or directory, stat '/root/server/static/404.html'

Error: ENOENT: no such file or directory, stat '/root/server/static/404.html'

Error: ENOENT: no such file or directory, stat '/root/server/static/404.html'

Error: ENOENT: no such file or directory, stat '/root/server/static/404.html'

Error: ENOENT: no such file or directory, stat '/root/server/static/404.html'

Error: ENOENT: no such file or directory, stat '/root/server/static/404.html'

Error: ENOENT: no such file or directory, stat '/root/server/static/404.html'

Error: ENOENT: no such file or directory, stat '/root/server/static/404.html'

Error: ENOENT: no such file or directory, stat '/root/server/static/404.html'

Error: ENOENT: no such file or directory, stat '/root/server/static/404.html'

Error: ENOENT: no such file or directory, stat '/root/server/static/404.html'

Error: ENOENT: no such file or directory, stat '/root/server/static/404.html'

Error: ENOENT: no such file or directory, stat '/root/server/static/404.html'

Error: ENOENT: no such file or directory, stat '/root/server/static/404.html'

Error: ENOENT: no such file or directory, stat '/root/server/static/404.html'

Error: ENOENT: no such file or directory, stat '/root/server/static/404.html'

Error: ENOENT: no such file or directory, stat '/root/server/static/404.html'

Error: ENOENT: no such file or directory, stat '/root/server/static/404.html'

Error: ENOENT: no such file or directory, stat '/root/server/static/404.html'

Error: ENOENT: no such file or directory, stat '/root/server/static/404.html'

Error: ENOENT: no such file or directory, stat '/root/server/static/404.html'

Error: ENOENT: no such file or directory, stat '/root/server/static/404.html'

Error: ENOENT: no such file or directory, stat '/root/server/static/404.html'

Error: ENOENT: no such file or directory, stat '/root/server/static/404.html'

Error: ENOENT: no such file or directory, stat '/root/server/static/404.html'

Error: ENOENT: no such file or directory, stat '/root/server/static/404.html'

Error: ENOENT: no such file or directory, stat '/root/server/static/404.html'

Error: ENOENT: no such file or directory, stat '/root/server/static/404.html'

Error: ENOENT: no such file or directory, stat '/root/server/static/404.html'

Error: ENOENT: no such file or directory, stat '/root/server/static/404.html'

Error: ENOENT: no such file or directory, stat '/root/server/static/404.html'

Error: ENOENT: no such file or directory, stat '/root/server/static/404.html'

Error: ENOENT: no such file or directory, stat '/root/server/static/404.html'

Error: ENOENT: no such file or directory, stat '/root/server/static/404.html'

Error: ENOENT: no such file or directory, stat '/root/server/static/404.html'

Error: ENOENT: no such file or directory, stat '/root/server/static/404.html'

Error: ENOENT: no such file or directory, stat '/root/server/static/404.html'

Error: ENOENT: no such file or directory, stat '/root/server/static/404.html'

Error: ENOENT: no such file or directory, stat '/root/server/static/404.html'

Error: ENOENT: no such file or directory, stat '/root/server/static/404.html'

Error: ENOENT: no such file or directory, stat '/root/server/static/404.html'

Error: ENOENT: no such file or directory, stat '/root/server/static/404.html'

Error: ENOENT: no such file or directory, stat '/root/server/static/404.html'

Error: ENOENT: no such file or directory, stat '/root/server/static/404.html'

Error: ENOENT: no such file or directory, stat '/root/server/static/404.html'

Error: ENOENT: no such file or directory, stat '/root/server/static/404.html'

Error: ENOENT: no such file or directory, stat '/root/server/static/404.html'

Error: ENOENT: no such file or directory, stat '/root/server/static/404.html'

Error: ENOENT: no such file or directory, stat '/root/server/static/404.html'

Error: ENOENT: no such file or directory, stat '/root/server/static/404.html'

Error: ENOENT: no such file or directory, stat '/root/server/static/404.html'

Error: ENOENT: no such file or directory, stat '/root/server/static/404.html'

Error: ENOENT: no such file or directory, stat '/root/server/static/404.html'

Error: ENOENT: no such file or directory, stat '/root/server/static/404.html'

Error: ENOENT: no such file or directory, stat '/root/server/static/404.html'

Error: ENOENT: no such file or directory, stat '/root/server/static/404.html'

Error: ENOENT: no such file or directory, stat '/root/server/static/404.html'

Error: ENOENT: no such file or directory, stat '/root/server/static/404.html'

Error: ENOENT: no such file or directory, stat '/root/server/static/404.html'

Error: ENOENT: no such file or directory, stat '/root/server/static/404.html'

Error: ENOENT: no such file or directory, stat '/root/server/static/404.html'

Error: ENOENT: no such file or directory, stat '/root/server/static/404.html'

Error: ENOENT: no such file or directory, stat '/root/server/static/404.html'

Error: ENOENT: no such file or directory, stat '/root/server/static/404.html'

Error: ENOENT: no such file or directory, stat '/root/server/static/404.html'

Error: ENOENT: no such file or directory, stat '/root/server/static/404.html'

Error: ENOENT: no such file or directory, stat '/root/server/static/404.html'

Error: ENOENT: no such file or directory, stat '/root/server/static/404.html'

Error: ENOENT: no such file or directory, stat '/root/server/static/404.html'

Error: ENOENT: no such file or directory, stat '/root/server/static/404.html'

Error: ENOENT: no such file or directory, stat '/root/server/static/404.html'

Error: ENOENT: no such file or directory, stat '/root/server/static/404.html'

Error: ENOENT: no such file or directory, stat '/root/server/static/404.html'

Error: ENOENT: no such file or directory, stat '/root/server/static/404.html'

Error: ENOENT: no such file or directory, stat '/root/server/static/404.html'

Error: ENOENT: no such file or directory, stat '/root/server/static/404.html'

Error: ENOENT: no such file or directory, stat '/root/server/static/404.html'

Error: ENOENT: no such file or directory, stat '/root/server/static/404.html'

Error: ENOENT: no such file or directory, stat '/root/server/static/404.html'

Error: ENOENT: no such file or directory, stat '/root/server/static/404.html'

Error: ENOENT: no such file or directory, stat '/root/server/static/404.html'

Error: ENOENT: no such file or directory, stat '/root/server/static/404.html'

Error: ENOENT: no such file or directory, stat '/root/server/static/404.html'

Error: ENOENT: no such file or directory, stat '/root/server/static/404.html'

Error: ENOENT: no such file or directory, stat '/root/server/static/404.html'

Error: ENOENT: no such file or directory, stat '/root/server/static/404.html'

Error: ENOENT: no such file or directory, stat '/root/server/static/404.html'

Error: ENOENT: no such file or directory, stat '/root/server/static/404.html'

Error: ENOENT: no such file or directory, stat '/root/server/static/404.html'

Error: ENOENT: no such file or directory, stat '/root/server/static/404.html'

Error: ENOENT: no such file or directory, stat '/root/server/static/404.html'

Error: ENOENT: no such file or directory, stat '/root/server/static/404.html'

Error: ENOENT: no such file or directory, stat '/root/server/static/404.html'

Error: ENOENT: no such file or directory, stat '/root/server/static/404.html'

Error: ENOENT: no such file or directory, stat '/root/server/static/404.html'

Error: ENOENT: no such file or directory, stat '/root/server/static/404.html'

Error: ENOENT: no such file or directory, stat '/root/server/static/404.html'

Error: ENOENT: no such file or directory, stat '/root/server/static/404.html'

Error: ENOENT: no such file or directory, stat '/root/server/static/404.html'

Error: ENOENT: no such file or directory, stat '/root/server/static/404.html'

Error: ENOENT: no such file or directory, stat '/root/server/static/404.html'

Error: ENOENT: no such file or directory, stat '/root/server/static/404.html'

Error: ENOENT: no such file or directory, stat '/root/server/static/404.html'

Error: ENOENT: no such file or directory, stat '/root/server/static/404.html'

Error: ENOENT: no such file or directory, stat '/root/server/static/404.html'

Error: ENOENT: no such file or directory, stat '/root/server/static/404.html'

Error: ENOENT: no such file or directory, stat '/root/server/static/404.html'

Error: ENOENT: no such file or directory, stat '/root/server/static/404.html'

Error: ENOENT: no such file or directory, stat '/root/server/static/404.html'

Error: ENOENT: no such file or directory, stat '/root/server/static/404.html'

Error: ENOENT: no such file or directory, stat '/root/server/static/404.html'

Error: ENOENT: no such file or directory, stat '/root/server/static/404.html'

Error: ENOENT: no such file or directory, stat '/root/server/static/404.html'

Error: ENOENT: no such file or directory, stat '/root/server/static/404.html'

Error: ENOENT: no such file or directory, stat '/root/server/static/404.html'

Error: ENOENT: no such file or directory, stat '/root/server/static/404.html'

Error: ENOENT: no such file or directory, stat '/root/server/static/404.html'

Error: ENOENT: no such file or directory, stat '/root/server/static/404.html'

Error: ENOENT: no such file or directory, stat '/root/server/static/404.html'

Error: ENOENT: no such file or directory, stat '/root/server/static/404.html'

Error: ENOENT: no such file or directory, stat '/root/server/static/404.html'

Error: ENOENT: no such file or directory, stat '/root/server/static/404.html'

Error: ENOENT: no such file or directory, stat '/root/server/static/404.html'

Error: ENOENT: no such file or directory, stat '/root/server/static/404.html'

Error: ENOENT: no such file or directory, stat '/root/server/static/404.html'

Error: ENOENT: no such file or directory, stat '/root/server/static/404.html'

Error: ENOENT: no such file or directory, stat '/root/server/static/404.html'

Error: ENOENT: no such file or directory, stat '/root/server/static/404.html'

Error: ENOENT: no such file or directory, stat '/root/server/static/404.html'

Error: ENOENT: no such file or directory, stat '/root/server/static/404.html'

Error: ENOENT: no such file or directory, stat '/root/server/static/404.html'

Error: ENOENT: no such file or directory, stat '/root/server/static/404.html'

Error: ENOENT: no such file or directory, stat '/root/server/static/404.html'

Error: ENOENT: no such file or directory, stat '/root/server/static/404.html'

Error: ENOENT: no such file or directory, stat '/root/server/static/404.html'

Error: ENOENT: no such file or directory, stat '/root/server/static/404.html'

Error: ENOENT: no such file or directory, stat '/root/server/static/404.html'

Error: ENOENT: no such file or directory, stat '/root/server/static/404.html'

Error: ENOENT: no such file or directory, stat '/root/server/static/404.html'

Error: ENOENT: no such file or directory, stat '/root/server/static/404.html'

Error: ENOENT: no such file or directory, stat '/root/server/static/404.html'

Error: ENOENT: no such file or directory, stat '/root/server/static/404.html'

Error: ENOENT: no such file or directory, stat '/root/server/static/404.html'

Error: ENOENT: no such file or directory, stat '/root/server/static/404.html'

Error: ENOENT: no such file or directory, stat '/root/server/static/404.html'

Error: ENOENT: no such file or directory, stat '/root/server/static/404.html'

Error: ENOENT: no such file or directory, stat '/root/server/static/404.html'

Error: ENOENT: no such file or directory, stat '/root/server/static/404.html'

Error: ENOENT: no such file or directory, stat '/root/server/static/404.html'

Error: ENOENT: no such file or directory, stat '/root/server/static/404.html'

Error: ENOENT: no such file or directory, stat '/root/server/static/404.html'

Error: ENOENT: no such file or directory, stat '/root/server/static/404.html'

Error: ENOENT: no such file or directory, stat '/root/server/static/404.html'

Error: ENOENT: no such file or directory, stat '/root/server/static/404.html'

Error: ENOENT: no such file or directory, stat '/root/server/static/404.html'

Error: ENOENT: no such file or directory, stat '/root/server/static/404.html'

Error: ENOENT: no such file or directory, stat '/root/server/static/404.html'

Error: ENOENT: no such file or directory, stat '/root/server/static/404.html'

Error: ENOENT: no such file or directory, stat '/root/server/static/404.html'

Error: ENOENT: no such file or directory, stat '/root/server/static/404.html'

Error: ENOENT: no such file or directory, stat '/root/server/static/404.html'

Error: ENOENT: no such file or directory, stat '/root/server/static/404.html'

Error: ENOENT: no such file or directory, stat '/root/server/static/404.html'

Error: ENOENT: no such file or directory, stat '/root/server/static/404.html'

Error: ENOENT: no such file or directory, stat '/root/server/static/404.html'

Error: ENOENT: no such file or directory, stat '/root/server/static/404.html'

Error: ENOENT: no such file or directory, stat '/root/server/static/404.html'

Error: ENOENT: no such file or directory, stat '/root/server/static/404.html'

Error: ENOENT: no such file or directory, stat '/root/server/static/404.html'

Error: ENOENT: no such file or directory, stat '/root/server/static/404.html'

Error: ENOENT: no such file or directory, stat '/root/server/static/404.html'

Error: ENOENT: no such file or directory, stat '/root/server/static/404.html'

Error: ENOENT: no such file or directory, stat '/root/server/static/404.html'

Error: ENOENT: no such file or directory, stat '/root/server/static/404.html'

Error: ENOENT: no such file or directory, stat '/root/server/static/404.html'

Error: ENOENT: no such file or directory, stat '/root/server/static/404.html'

Error: ENOENT: no such file or directory, stat '/root/server/static/404.html'

Error: ENOENT: no such file or directory, stat '/root/server/static/404.html'

Error: ENOENT: no such file or directory, stat '/root/server/static/404.html'

Error: ENOENT: no such file or directory, stat '/root/server/static/404.html'

Error: ENOENT: no such file or directory, stat '/root/server/static/404.html'

Error: ENOENT: no such file or directory, stat '/root/server/static/404.html'

Error: ENOENT: no such file or directory, stat '/root/server/static/404.html'

Error: ENOENT: no such file or directory, stat '/root/server/static/404.html'

Error: ENOENT: no such file or directory, stat '/root/server/static/404.html'

Error: ENOENT: no such file or directory, stat '/root/server/static/404.html'

Error: ENOENT: no such file or directory, stat '/root/server/static/404.html'

Error: ENOENT: no such file or directory, stat '/root/server/static/404.html'

Error: ENOENT: no such file or directory, stat '/root/server/static/404.html'

Error: ENOENT: no such file or directory, stat '/root/server/static/404.html'

Error: ENOENT: no such file or directory, stat '/root/server/static/404.html'

Error: ENOENT: no such file or directory, stat '/root/server/static/404.html'

Error: ENOENT: no such file or directory, stat '/root/server/static/404.html'

Error: ENOENT: no such file or directory, stat '/root/server/static/404.html'

Error: ENOENT: no such file or directory, stat '/root/server/static/404.html'

Error: ENOENT: no such file or directory, stat '/root/server/static/404.html'

Error: ENOENT: no such file or directory, stat '/root/server/static/404.html'

Error: ENOENT: no such file or directory, stat '/root/server/static/404.html'

Error: ENOENT: no such file or directory, stat '/root/server/static/404.html'

Error: ENOENT: no such file or directory, stat '/root/server/static/404.html'

Error: ENOENT: no such file or directory, stat '/root/server/static/404.html'

Error: ENOENT: no such file or directory, stat '/root/server/static/404.html'

Error: ENOENT: no such file or directory, stat '/root/server/static/404.html'

Error: ENOENT: no such file or directory, stat '/root/server/static/404.html'

Error: ENOENT: no such file or directory, stat '/root/server/static/404.html'

Error: ENOENT: no such file or directory, stat '/root/server/static/404.html'

Error: ENOENT: no such file or directory, stat '/root/server/static/404.html'

Error: ENOENT: no such file or directory, stat '/root/server/static/404.html'

Error: ENOENT: no such file or directory, stat '/root/server/static/404.html'

Error: ENOENT: no such file or directory, stat '/root/server/static/404.html'

Error: ENOENT: no such file or directory, stat '/root/server/static/404.html'

Error: ENOENT: no such file or directory, stat '/root/server/static/404.html'

Error: ENOENT: no such file or directory, stat '/root/server/static/404.html'

Error: ENOENT: no such file or directory, stat '/root/server/static/404.html'

Error: ENOENT: no such file or directory, stat '/root/server/static/404.html'

Error: ENOENT: no such file or directory, stat '/root/server/static/404.html'

Error: ENOENT: no such file or directory, stat '/root/server/static/404.html'

Error: ENOENT: no such file or directory, stat '/root/server/static/404.html'

Error: ENOENT: no such file or directory, stat '/root/server/static/404.html'

Error: ENOENT: no such file or directory, stat '/root/server/static/404.html'

Error: ENOENT: no such file or directory, stat '/root/server/static/404.html'

Error: ENOENT: no such file or directory, stat '/root/server/static/404.html'

Error: ENOENT: no such file or directory, stat '/root/server/static/404.html'

Error: ENOENT: no such file or directory, stat '/root/server/static/404.html'

Error: ENOENT: no such file or directory, stat '/root/server/static/404.html'

Error: ENOENT: no such file or directory, stat '/root/server/static/404.html'

Error: ENOENT: no such file or directory, stat '/root/server/static/404.html'

Error: ENOENT: no such file or directory, stat '/root/server/static/404.html'

Error: ENOENT: no such file or directory, stat '/root/server/static/404.html'

Error: ENOENT: no such file or directory, stat '/root/server/static/404.html'

Error: ENOENT: no such file or directory, stat '/root/server/static/404.html'

Error: ENOENT: no such file or directory, stat '/root/server/static/404.html'

Error: ENOENT: no such file or directory, stat '/root/server/static/404.html'

Error: ENOENT: no such file or directory, stat '/root/server/static/404.html'

Error: ENOENT: no such file or directory, stat '/root/server/static/404.html'

Error: ENOENT: no such file or directory, stat '/root/server/static/404.html'

Error: ENOENT: no such file or directory, stat '/root/server/static/404.html'

Error: ENOENT: no such file or directory, stat '/root/server/static/404.html'

Error: ENOENT: no such file or directory, stat '/root/server/static/404.html'

Error: ENOENT: no such file or directory, stat '/root/server/static/404.html'

Error: ENOENT: no such file or directory, stat '/root/server/static/404.html'

Error: ENOENT: no such file or directory, stat '/root/server/static/404.html'

Error: ENOENT: no such file or directory, stat '/root/server/static/404.html'

Error: ENOENT: no such file or directory, stat '/root/server/static/404.html'

Error: ENOENT: no such file or directory, stat '/root/server/static/404.html'

Error: ENOENT: no such file or directory, stat '/root/server/static/404.html'

Error: ENOENT: no such file or directory, stat '/root/server/static/404.html'

Error: ENOENT: no such file or directory, stat '/root/server/static/404.html'

Error: ENOENT: no such file or directory, stat '/root/server/static/404.html'

Error: ENOENT: no such file or directory, stat '/root/server/static/404.html'

Error: ENOENT: no such file or directory, stat '/root/server/static/404.html'

Error: ENOENT: no such file or directory, stat '/root/server/static/404.html'

Error: ENOENT: no such file or directory, stat '/root/server/static/404.html'

Error: ENOENT: no such file or directory, stat '/root/server/static/404.html'

Error: ENOENT: no such file or directory, stat '/root/server/static/404.html'

Error: ENOENT: no such file or directory, stat '/root/server/static/404.html'

Error: ENOENT: no such file or directory, stat '/root/server/static/404.html'

Error: ENOENT: no such file or directory, stat '/root/server/static/404.html'

Error: ENOENT: no such file or directory, stat '/root/server/static/404.html'

Error: ENOENT: no such file or directory, stat '/root/server/static/404.html'

Error: ENOENT: no such file or directory, stat '/root/server/static/404.html'

Error: ENOENT: no such file or directory, stat '/root/server/static/404.html'

Error: ENOENT: no such file or directory, stat '/root/server/static/404.html'

Error: ENOENT: no such file or directory, stat '/root/server/static/404.html'

Error: ENOENT: no such file or directory, stat '/root/server/static/404.html'

Error: ENOENT: no such file or directory, stat '/root/server/static/404.html'

Error: ENOENT: no such file or directory, stat '/root/server/static/404.html'

Error: ENOENT: no such file or directory, stat '/root/server/static/404.html'

Error: ENOENT: no such file or directory, stat '/root/server/static/404.html'

Error: ENOENT: no such file or directory, stat '/root/server/static/404.html'

Error: ENOENT: no such file or directory, stat '/root/server/static/404.html'

Error: ENOENT: no such file or directory, stat '/root/server/static/404.html'

Error: ENOENT: no such file or directory, stat '/root/server/static/404.html'

Error: ENOENT: no such file or directory, stat '/root/server/static/404.html'

Error: ENOENT: no such file or directory, stat '/root/server/static/404.html'

Error: ENOENT: no such file or directory, stat '/root/server/static/404.html'

Error: ENOENT: no such file or directory, stat '/root/server/static/404.html'

Error: ENOENT: no such file or directory, stat '/root/server/static/404.html'

Error: ENOENT: no such file or directory, stat '/root/server/static/404.html'

Error: ENOENT: no such file or directory, stat '/root/server/static/404.html'

Error: ENOENT: no such file or directory, stat '/root/server/static/404.html'

Error: ENOENT: no such file or directory, stat '/root/server/static/404.html'

Error: ENOENT: no such file or directory, stat '/root/server/static/404.html'

Error: ENOENT: no such file or directory, stat '/root/server/static/404.html'

Error: ENOENT: no such file or directory, stat '/root/server/static/404.html'

Error: ENOENT: no such file or directory, stat '/root/server/static/404.html'

Error: ENOENT: no such file or directory, stat '/root/server/static/404.html'

Error: ENOENT: no such file or directory, stat '/root/server/static/404.html'

Error: ENOENT: no such file or directory, stat '/root/server/static/404.html'

Error: ENOENT: no such file or directory, stat '/root/server/static/404.html'

Error: ENOENT: no such file or directory, stat '/root/server/static/404.html'

Error: ENOENT: no such file or directory, stat '/root/server/static/404.html'

Error: ENOENT: no such file or directory, stat '/root/server/static/404.html'

Error: ENOENT: no such file or directory, stat '/root/server/static/404.html'

Error: ENOENT: no such file or directory, stat '/root/server/static/404.html'

Error: ENOENT: no such file or directory, stat '/root/server/static/404.html'

Error: ENOENT: no such file or directory, stat '/root/server/static/404.html'

Error: ENOENT: no such file or directory, stat '/root/server/static/404.html'

Error: ENOENT: no such file or directory, stat '/root/server/static/404.html'

Error: ENOENT: no such file or directory, stat '/root/server/static/404.html'

Error: ENOENT: no such file or directory, stat '/root/server/static/404.html'

Error: ENOENT: no such file or directory, stat '/root/server/static/404.html'

Error: ENOENT: no such file or directory, stat '/root/server/static/404.html'

Error: ENOENT: no such file or directory, stat '/root/server/static/404.html'

Error: ENOENT: no such file or directory, stat '/root/server/static/404.html'

Error: ENOENT: no such file or directory, stat '/root/server/static/404.html'

Error: ENOENT: no such file or directory, stat '/root/server/static/404.html'

Error: ENOENT: no such file or directory, stat '/root/server/static/404.html'

Error: ENOENT: no such file or directory, stat '/root/server/static/404.html'

Error: ENOENT: no such file or directory, stat '/root/server/static/404.html'

Error: ENOENT: no such file or directory, stat '/root/server/static/404.html'

Error: ENOENT: no such file or directory, stat '/root/server/static/404.html'

Error: ENOENT: no such file or directory, stat '/root/server/static/404.html'

Error: ENOENT: no such file or directory, stat '/root/server/static/404.html'

Error: ENOENT: no such file or directory, stat '/root/server/static/404.html'

Error: ENOENT: no such file or directory, stat '/root/server/static/404.html'

Error: ENOENT: no such file or directory, stat '/root/server/static/404.html'

Error: ENOENT: no such file or directory, stat '/root/server/static/404.html'

Error: ENOENT: no such file or directory, stat '/root/server/static/404.html'

Error: ENOENT: no such file or directory, stat '/root/server/static/404.html'

Error: ENOENT: no such file or directory, stat '/root/server/static/404.html'

Error: ENOENT: no such file or directory, stat '/root/server/static/404.html'

Error: ENOENT: no such file or directory, stat '/root/server/static/404.html'

Error: ENOENT: no such file or directory, stat '/root/server/static/404.html'

Error: ENOENT: no such file or directory, stat '/root/server/static/404.html'

Error: ENOENT: no such file or directory, stat '/root/server/static/404.html'

Error: ENOENT: no such file or directory, stat '/root/server/static/404.html'

Error: ENOENT: no such file or directory, stat '/root/server/static/404.html'

Error: ENOENT: no such file or directory, stat '/root/server/static/404.html'

Error: ENOENT: no such file or directory, stat '/root/server/static/404.html'

Error: ENOENT: no such file or directory, stat '/root/server/static/404.html'

Error: ENOENT: no such file or directory, stat '/root/server/static/404.html'

Error: ENOENT: no such file or directory, stat '/root/server/static/404.html'

Error: ENOENT: no such file or directory, stat '/root/server/static/404.html'

Error: ENOENT: no such file or directory, stat '/root/server/static/404.html'

Error: ENOENT: no such file or directory, stat '/root/server/static/404.html'

Error: ENOENT: no such file or directory, stat '/root/server/static/404.html'

Error: ENOENT: no such file or directory, stat '/root/server/static/404.html'

Error: ENOENT: no such file or directory, stat '/root/server/static/404.html'

Error: ENOENT: no such file or directory, stat '/root/server/static/404.html'

Error: ENOENT: no such file or directory, stat '/root/server/static/404.html'

Error: ENOENT: no such file or directory, stat '/root/server/static/404.html'

Error: ENOENT: no such file or directory, stat '/root/server/static/404.html'

Error: ENOENT: no such file or directory, stat '/root/server/static/404.html'

Error: ENOENT: no such file or directory, stat '/root/server/static/404.html'

Error: ENOENT: no such file or directory, stat '/root/server/static/404.html'

Error: ENOENT: no such file or directory, stat '/root/server/static/404.html'

Error: ENOENT: no such file or directory, stat '/root/server/static/404.html'

Error: ENOENT: no such file or directory, stat '/root/server/static/404.html'

Error: ENOENT: no such file or directory, stat '/root/server/static/404.html'

Error: ENOENT: no such file or directory, stat '/root/server/static/404.html'

Error: ENOENT: no such file or directory, stat '/root/server/static/404.html'

Error: ENOENT: no such file or directory, stat '/root/server/static/404.html'

Error: ENOENT: no such file or directory, stat '/root/server/static/404.html'

Error: ENOENT: no such file or directory, stat '/root/server/static/404.html'

Error: ENOENT: no such file or directory, stat '/root/server/static/404.html'

Error: ENOENT: no such file or directory, stat '/root/server/static/404.html'

Error: ENOENT: no such file or directory, stat '/root/server/static/404.html'

Error: ENOENT: no such file or directory, stat '/root/server/static/404.html'

Error: ENOENT: no such file or directory, stat '/root/server/static/404.html'

Error: ENOENT: no such file or directory, stat '/root/server/static/404.html'

Error: ENOENT: no such file or directory, stat '/root/server/static/404.html'

Error: ENOENT: no such file or directory, stat '/root/server/static/404.html'

Error: ENOENT: no such file or directory, stat '/root/server/static/404.html'

Error: ENOENT: no such file or directory, stat '/root/server/static/404.html'

Error: ENOENT: no such file or directory, stat '/root/server/static/404.html'

Error: ENOENT: no such file or directory, stat '/root/server/static/404.html'

Error: ENOENT: no such file or directory, stat '/root/server/static/404.html'

Error: ENOENT: no such file or directory, stat '/root/server/static/404.html'

Error: ENOENT: no such file or directory, stat '/root/server/static/404.html'

Error: ENOENT: no such file or directory, stat '/root/server/static/404.html'

Error: ENOENT: no such file or directory, stat '/root/server/static/404.html'

Error: ENOENT: no such file or directory, stat '/root/server/static/404.html'

Error: ENOENT: no such file or directory, stat '/root/server/static/404.html'

Error: ENOENT: no such file or directory, stat '/root/server/static/404.html'

Error: ENOENT: no such file or directory, stat '/root/server/static/404.html'

Error: ENOENT: no such file or directory, stat '/root/server/static/404.html'

Error: ENOENT: no such file or directory, stat '/root/server/static/404.html'

Error: ENOENT: no such file or directory, stat '/root/server/static/404.html'

Error: ENOENT: no such file or directory, stat '/root/server/static/404.html'

Error: ENOENT: no such file or directory, stat '/root/server/static/404.html'

Error: ENOENT: no such file or directory, stat '/root/server/static/404.html'

Error: ENOENT: no such file or directory, stat '/root/server/static/404.html'

Error: ENOENT: no such file or directory, stat '/root/server/static/404.html'

Error: ENOENT: no such file or directory, stat '/root/server/static/404.html'

Error: ENOENT: no such file or directory, stat '/root/server/static/404.html'

Error: ENOENT: no such file or directory, stat '/root/server/static/404.html'

Error: ENOENT: no such file or directory, stat '/root/server/static/404.html'

Error: ENOENT: no such file or directory, stat '/root/server/static/404.html'

Error: ENOENT: no such file or directory, stat '/root/server/static/404.html'

Error: ENOENT: no such file or directory, stat '/root/server/static/404.html'

Error: ENOENT: no such file or directory, stat '/root/server/static/404.html'

Error: ENOENT: no such file or directory, stat '/root/server/static/404.html'

Error: ENOENT: no such file or directory, stat '/root/server/static/404.html'

Error: ENOENT: no such file or directory, stat '/root/server/static/404.html'

Error: ENOENT: no such file or directory, stat '/root/server/static/404.html'

Error: ENOENT: no such file or directory, stat '/root/server/static/404.html'

Error: ENOENT: no such file or directory, stat '/root/server/static/404.html'

Error: ENOENT: no such file or directory, stat '/root/server/static/404.html'

Error: ENOENT: no such file or directory, stat '/root/server/static/404.html'

Error: ENOENT: no such file or directory, stat '/root/server/static/404.html'

Error: ENOENT: no such file or directory, stat '/root/server/static/404.html'

Error: ENOENT: no such file or directory, stat '/root/server/static/404.html'

Error: ENOENT: no such file or directory, stat '/root/server/static/404.html'

Error: ENOENT: no such file or directory, stat '/root/server/static/404.html'

Error: ENOENT: no such file or directory, stat '/root/server/static/404.html'

Error: ENOENT: no such file or directory, stat '/root/server/static/404.html'

Error: ENOENT: no such file or directory, stat '/root/server/static/404.html'

Error: ENOENT: no such file or directory, stat '/root/server/static/404.html'

Error: ENOENT: no such file or directory, stat '/root/server/static/404.html'

Error: ENOENT: no such file or directory, stat '/root/server/static/404.html'

Error: ENOENT: no such file or directory, stat '/root/server/static/404.html'

Error: ENOENT: no such file or directory, stat '/root/server/static/404.html'

Error: ENOENT: no such file or directory, stat '/root/server/static/404.html'

Error: ENOENT: no such file or directory, stat '/root/server/static/404.html'

Error: ENOENT: no such file or directory, stat '/root/server/static/404.html'

Error: ENOENT: no such file or directory, stat '/root/server/static/404.html'

Error: ENOENT: no such file or directory, stat '/root/server/static/404.html'

Error: ENOENT: no such file or directory, stat '/root/server/static/404.html'

Error: ENOENT: no such file or directory, stat '/root/server/static/404.html'

Error: ENOENT: no such file or directory, stat '/root/server/static/404.html'

Error: ENOENT: no such file or directory, stat '/root/server/static/404.html'

Error: ENOENT: no such file or directory, stat '/root/server/static/404.html'

Error: ENOENT: no such file or directory, stat '/root/server/static/404.html'

Error: ENOENT: no such file or directory, stat '/root/server/static/404.html'

Error: ENOENT: no such file or directory, stat '/root/server/static/404.html'

Error: ENOENT: no such file or directory, stat '/root/server/static/404.html'

Error: ENOENT: no such file or directory, stat '/root/server/static/404.html'

Error: ENOENT: no such file or directory, stat '/root/server/static/404.html'

Error: ENOENT: no such file or directory, stat '/root/server/static/404.html'

Error: ENOENT: no such file or directory, stat '/root/server/static/404.html'

Error: ENOENT: no such file or directory, stat '/root/server/static/404.html'

Error: ENOENT: no such file or directory, stat '/root/server/static/404.html'

Error: ENOENT: no such file or directory, stat '/root/server/static/404.html'

Error: ENOENT: no such file or directory, stat '/root/server/static/404.html'

Error: ENOENT: no such file or directory, stat '/root/server/static/404.html'

Error: ENOENT: no such file or directory, stat '/root/server/static/404.html'

Error: ENOENT: no such file or directory, stat '/root/server/static/404.html'

Error: ENOENT: no such file or directory, stat '/root/server/static/404.html'

Error: ENOENT: no such file or directory, stat '/root/server/static/404.html'

Error: ENOENT: no such file or directory, stat '/root/server/static/404.html'

Error: ENOENT: no such file or directory, stat '/root/server/static/404.html'

Error: ENOENT: no such file or directory, stat '/root/server/static/404.html'

Error: ENOENT: no such file or directory, stat '/root/server/static/404.html'

Error: ENOENT: no such file or directory, stat '/root/server/static/404.html'

Error: ENOENT: no such file or directory, stat '/root/server/static/404.html'

Error: ENOENT: no such file or directory, stat '/root/server/static/404.html'

Error: ENOENT: no such file or directory, stat '/root/server/static/404.html'

Error: ENOENT: no such file or directory, stat '/root/server/static/404.html'

Error: ENOENT: no such file or directory, stat '/root/server/static/404.html'

Error: ENOENT: no such file or directory, stat '/root/server/static/404.html'

Error: ENOENT: no such file or directory, stat '/root/server/static/404.html'

Error: ENOENT: no such file or directory, stat '/root/server/static/404.html'

Error: ENOENT: no such file or directory, stat '/root/server/static/404.html'

Error: ENOENT: no such file or directory, stat '/root/server/static/404.html'

Error: ENOENT: no such file or directory, stat '/root/server/static/404.html'

Error: ENOENT: no such file or directory, stat '/root/server/static/404.html'

Error: ENOENT: no such file or directory, stat '/root/server/static/404.html'

Error: ENOENT: no such file or directory, stat '/root/server/static/404.html'

Error: ENOENT: no such file or directory, stat '/root/server/static/404.html'

Error: ENOENT: no such file or directory, stat '/root/server/static/404.html'

Error: ENOENT: no such file or directory, stat '/root/server/static/404.html'

Error: ENOENT: no such file or directory, stat '/root/server/static/404.html'

Error: ENOENT: no such file or directory, stat '/root/server/static/404.html'

Error: ENOENT: no such file or directory, stat '/root/server/static/404.html'

Error: ENOENT: no such file or directory, stat '/root/server/static/404.html'

Error: ENOENT: no such file or directory, stat '/root/server/static/404.html'

Error: ENOENT: no such file or directory, stat '/root/server/static/404.html'

Error: ENOENT: no such file or directory, stat '/root/server/static/404.html'

Error: ENOENT: no such file or directory, stat '/root/server/static/404.html'

Error: ENOENT: no such file or directory, stat '/root/server/static/404.html'

Error: ENOENT: no such file or directory, stat '/root/server/static/404.html'

Error: ENOENT: no such file or directory, stat '/root/server/static/404.html'

Error: ENOENT: no such file or directory, stat '/root/server/static/404.html'

Error: ENOENT: no such file or directory, stat '/root/server/static/404.html'

Error: ENOENT: no such file or directory, stat '/root/server/static/404.html'

Error: ENOENT: no such file or directory, stat '/root/server/static/404.html'

Error: ENOENT: no such file or directory, stat '/root/server/static/404.html'

Error: ENOENT: no such file or directory, stat '/root/server/static/404.html'

Error: ENOENT: no such file or directory, stat '/root/server/static/404.html'

Error: ENOENT: no such file or directory, stat '/root/server/static/404.html'

Error: ENOENT: no such file or directory, stat '/root/server/static/404.html'

Error: ENOENT: no such file or directory, stat '/root/server/static/404.html'

Error: ENOENT: no such file or directory, stat '/root/server/static/404.html'

Error: ENOENT: no such file or directory, stat '/root/server/static/404.html'

Error: ENOENT: no such file or directory, stat '/root/server/static/404.html'

Error: ENOENT: no such file or directory, stat '/root/server/static/404.html'

Error: ENOENT: no such file or directory, stat '/root/server/static/404.html'

Error: ENOENT: no such file or directory, stat '/root/server/static/404.html'

Error: ENOENT: no such file or directory, stat '/root/server/static/404.html'

Error: ENOENT: no such file or directory, stat '/root/server/static/404.html'

Error: ENOENT: no such file or directory, stat '/root/server/static/404.html'

Error: ENOENT: no such file or directory, stat '/root/server/static/404.html'

Error: ENOENT: no such file or directory, stat '/root/server/static/404.html'

Error: ENOENT: no such file or directory, stat '/root/server/static/404.html'

Error: ENOENT: no such file or directory, stat '/root/server/static/404.html'

Error: ENOENT: no such file or directory, stat '/root/server/static/404.html'

Error: ENOENT: no such file or directory, stat '/root/server/static/404.html'

Error: ENOENT: no such file or directory, stat '/root/server/static/404.html'

Error: ENOENT: no such file or directory, stat '/root/server/static/404.html'

Error: ENOENT: no such file or directory, stat '/root/server/static/404.html'

Error: ENOENT: no such file or directory, stat '/root/server/static/404.html'

Error: ENOENT: no such file or directory, stat '/root/server/static/404.html'

Error: ENOENT: no such file or directory, stat '/root/server/static/404.html'

Error: ENOENT: no such file or directory, stat '/root/server/static/404.html'

Error: ENOENT: no such file or directory, stat '/root/server/static/404.html'

Error: ENOENT: no such file or directory, stat '/root/server/static/404.html'

Error: ENOENT: no such file or directory, stat '/root/server/static/404.html'

Error: ENOENT: no such file or directory, stat '/root/server/static/404.html'

Error: ENOENT: no such file or directory, stat '/root/server/static/404.html'

Error: ENOENT: no such file or directory, stat '/root/server/static/404.html'

Error: ENOENT: no such file or directory, stat '/root/server/static/404.html'

Error: ENOENT: no such file or directory, stat '/root/server/static/404.html'

Error: ENOENT: no such file or directory, stat '/root/server/static/404.html'

Error: ENOENT: no such file or directory, stat '/root/server/static/404.html'

Error: ENOENT: no such file or directory, stat '/root/server/static/404.html'

Error: ENOENT: no such file or directory, stat '/root/server/static/404.html'

Error: ENOENT: no such file or directory, stat '/root/server/static/404.html'

Error: ENOENT: no such file or directory, stat '/root/server/static/404.html'

Error: ENOENT: no such file or directory, stat '/root/server/static/404.html'

Error: ENOENT: no such file or directory, stat '/root/server/static/404.html'

Error: ENOENT: no such file or directory, stat '/root/server/static/404.html'

Error: ENOENT: no such file or directory, stat '/root/server/static/404.html'

Error: ENOENT: no such file or directory, stat '/root/server/static/404.html'

Error: ENOENT: no such file or directory, stat '/root/server/static/404.html'

Error: ENOENT: no such file or directory, stat '/root/server/static/404.html'

Error: ENOENT: no such file or directory, stat '/root/server/static/404.html'

Error: ENOENT: no such file or directory, stat '/root/server/static/404.html'

Error: ENOENT: no such file or directory, stat '/root/server/static/404.html'

Error: ENOENT: no such file or directory, stat '/root/server/static/404.html'

Error: ENOENT: no such file or directory, stat '/root/server/static/404.html'

Error: ENOENT: no such file or directory, stat '/root/server/static/404.html'

Error: ENOENT: no such file or directory, stat '/root/server/static/404.html'

Error: ENOENT: no such file or directory, stat '/root/server/static/404.html'

Error: ENOENT: no such file or directory, stat '/root/server/static/404.html'

Error: ENOENT: no such file or directory, stat '/root/server/static/404.html'

Error: ENOENT: no such file or directory, stat '/root/server/static/404.html'

Error: ENOENT: no such file or directory, stat '/root/server/static/404.html'

Error: ENOENT: no such file or directory, stat '/root/server/static/404.html'

Error: ENOENT: no such file or directory, stat '/root/server/static/404.html'

Error: ENOENT: no such file or directory, stat '/root/server/static/404.html'

Error: ENOENT: no such file or directory, stat '/root/server/static/404.html'

Error: ENOENT: no such file or directory, stat '/root/server/static/404.html'

Error: ENOENT: no such file or directory, stat '/root/server/static/404.html'

Error: ENOENT: no such file or directory, stat '/root/server/static/404.html'

Error: ENOENT: no such file or directory, stat '/root/server/static/404.html'

Error: ENOENT: no such file or directory, stat '/root/server/static/404.html'

Error: ENOENT: no such file or directory, stat '/root/server/static/404.html'

Error: ENOENT: no such file or directory, stat '/root/server/static/404.html'

Error: ENOENT: no such file or directory, stat '/root/server/static/404.html'

Error: ENOENT: no such file or directory, stat '/root/server/static/404.html'

Error: ENOENT: no such file or directory, stat '/root/server/static/404.html'

Error: ENOENT: no such file or directory, stat '/root/server/static/404.html'

Error: ENOENT: no such file or directory, stat '/root/server/static/404.html'

Error: ENOENT: no such file or directory, stat '/root/server/static/404.html'

Error: ENOENT: no such file or directory, stat '/root/server/static/404.html'

Error: ENOENT: no such file or directory, stat '/root/server/static/404.html'

Error: ENOENT: no such file or directory, stat '/root/server/static/404.html'

Error: ENOENT: no such file or directory, stat '/root/server/static/404.html'

Error: ENOENT: no such file or directory, stat '/root/server/static/404.html'

Error: ENOENT: no such file or directory, stat '/root/server/static/404.html'

Error: ENOENT: no such file or directory, stat '/root/server/static/404.html'

Error: ENOENT: no such file or directory, stat '/root/server/static/404.html'

Error: ENOENT: no such file or directory, stat '/root/server/static/404.html'

Error: ENOENT: no such file or directory, stat '/root/server/static/404.html'

Error: ENOENT: no such file or directory, stat '/root/server/static/404.html'

Error: ENOENT: no such file or directory, stat '/root/server/static/404.html'

Error: ENOENT: no such file or directory, stat '/root/server/static/404.html'

Error: ENOENT: no such file or directory, stat '/root/server/static/404.html'

Error: ENOENT: no such file or directory, stat '/root/server/static/404.html'

Error: ENOENT: no such file or directory, stat '/root/server/static/404.html'

Error: ENOENT: no such file or directory, stat '/root/server/static/404.html'

Error: ENOENT: no such file or directory, stat '/root/server/static/404.html'

Error: ENOENT: no such file or directory, stat '/root/server/static/404.html'

Error: ENOENT: no such file or directory, stat '/root/server/static/404.html'

Error: ENOENT: no such file or directory, stat '/root/server/static/404.html'

Error: ENOENT: no such file or directory, stat '/root/server/static/404.html'

Error: ENOENT: no such file or directory, stat '/root/server/static/404.html'

Error: ENOENT: no such file or directory, stat '/root/server/static/404.html'

Error: ENOENT: no such file or directory, stat '/root/server/static/404.html'

Error: ENOENT: no such file or directory, stat '/root/server/static/404.html'

Error: ENOENT: no such file or directory, stat '/root/server/static/404.html'

Error: ENOENT: no such file or directory, stat '/root/server/static/404.html'

Error: ENOENT: no such file or directory, stat '/root/server/static/404.html'

Error: ENOENT: no such file or directory, stat '/root/server/static/404.html'

Error: ENOENT: no such file or directory, stat '/root/server/static/404.html'

Error: ENOENT: no such file or directory, stat '/root/server/static/404.html'

Error: ENOENT: no such file or directory, stat '/root/server/static/404.html'

Error: ENOENT: no such file or directory, stat '/root/server/static/404.html'

Error: ENOENT: no such file or directory, stat '/root/server/static/404.html'

Error: ENOENT: no such file or directory, stat '/root/server/static/404.html'

Error: ENOENT: no such file or directory, stat '/root/server/static/404.html'

Error: ENOENT: no such file or directory, stat '/root/server/static/404.html'

Error: ENOENT: no such file or directory, stat '/root/server/static/404.html'

Error: ENOENT: no such file or directory, stat '/root/server/static/404.html'

Error: ENOENT: no such file or directory, stat '/root/server/static/404.html'

Error: ENOENT: no such file or directory, stat '/root/server/static/404.html'

Error: ENOENT: no such file or directory, stat '/root/server/static/404.html'

Error: ENOENT: no such file or directory, stat '/root/server/static/404.html'

Error: ENOENT: no such file or directory, stat '/root/server/static/404.html'

Error: ENOENT: no such file or directory, stat '/root/server/static/404.html'

Error: ENOENT: no such file or directory, stat '/root/server/static/404.html'

Error: ENOENT: no such file or directory, stat '/root/server/static/404.html'

Error: ENOENT: no such file or directory, stat '/root/server/static/404.html'

Error: ENOENT: no such file or directory, stat '/root/server/static/404.html'

Error: ENOENT: no such file or directory, stat '/root/server/static/404.html'

Error: ENOENT: no such file or directory, stat '/root/server/static/404.html'

Error: ENOENT: no such file or directory, stat '/root/server/static/404.html'

Error: ENOENT: no such file or directory, stat '/root/server/static/404.html'

Error: ENOENT: no such file or directory, stat '/root/server/static/404.html'

Error: ENOENT: no such file or directory, stat '/root/server/static/404.html'

Error: ENOENT: no such file or directory, stat '/root/server/static/404.html'

Error: ENOENT: no such file or directory, stat '/root/server/static/404.html'

Error: ENOENT: no such file or directory, stat '/root/server/static/404.html'

Error: ENOENT: no such file or directory, stat '/root/server/static/404.html'

Error: ENOENT: no such file or directory, stat '/root/server/static/404.html'

Error: ENOENT: no such file or directory, stat '/root/server/static/404.html'

Error: ENOENT: no such file or directory, stat '/root/server/static/404.html'

Error: ENOENT: no such file or directory, stat '/root/server/static/404.html'

Error: ENOENT: no such file or directory, stat '/root/server/static/404.html'

Error: ENOENT: no such file or directory, stat '/root/server/static/404.html'

Error: ENOENT: no such file or directory, stat '/root/server/static/404.html'

Error: ENOENT: no such file or directory, stat '/root/server/static/404.html'

Error: ENOENT: no such file or directory, stat '/root/server/static/404.html'

Error: ENOENT: no such file or directory, stat '/root/server/static/404.html'

Error: ENOENT: no such file or directory, stat '/root/server/static/404.html'

Error: ENOENT: no such file or directory, stat '/root/server/static/404.html'

Error: ENOENT: no such file or directory, stat '/root/server/static/404.html'

Error: ENOENT: no such file or directory, stat '/root/server/static/404.html'

Error: ENOENT: no such file or directory, stat '/root/server/static/404.html'

Error: ENOENT: no such file or directory, stat '/root/server/static/404.html'

Error: ENOENT: no such file or directory, stat '/root/server/static/404.html'

Error: ENOENT: no such file or directory, stat '/root/server/static/404.html'

Error: ENOENT: no such file or directory, stat '/root/server/static/404.html'

Error: ENOENT: no such file or directory, stat '/root/server/static/404.html'

Error: ENOENT: no such file or directory, stat '/root/server/static/404.html'

Error: ENOENT: no such file or directory, stat '/root/server/static/404.html'

Error: ENOENT: no such file or directory, stat '/root/server/static/404.html'

Error: ENOENT: no such file or directory, stat '/root/server/static/404.html'

Error: ENOENT: no such file or directory, stat '/root/server/static/404.html'

Error: ENOENT: no such file or directory, stat '/root/server/static/404.html'

Error: ENOENT: no such file or directory, stat '/root/server/static/404.html'

Error: ENOENT: no such file or directory, stat '/root/server/static/404.html'

Error: ENOENT: no such file or directory, stat '/root/server/static/404.html'

Error: ENOENT: no such file or directory, stat '/root/server/static/404.html'

Error: ENOENT: no such file or directory, stat '/root/server/static/404.html'

Error: ENOENT: no such file or directory, stat '/root/server/static/404.html'

Error: ENOENT: no such file or directory, stat '/root/server/static/404.html'

Error: ENOENT: no such file or directory, stat '/root/server/static/404.html'

Error: ENOENT: no such file or directory, stat '/root/server/static/404.html'

Error: ENOENT: no such file or directory, stat '/root/server/static/404.html'

Error: ENOENT: no such file or directory, stat '/root/server/static/404.html'

Error: ENOENT: no such file or directory, stat '/root/server/static/404.html'

Error: ENOENT: no such file or directory, stat '/root/server/static/404.html'

Error: ENOENT: no such file or directory, stat '/root/server/static/404.html'

Error: ENOENT: no such file or directory, stat '/root/server/static/404.html'

Error: ENOENT: no such file or directory, stat '/root/server/static/404.html'

Error: ENOENT: no such file or directory, stat '/root/server/static/404.html'

Error: ENOENT: no such file or directory, stat '/root/server/static/404.html'

Error: ENOENT: no such file or directory, stat '/root/server/static/404.html'

Error: ENOENT: no such file or directory, stat '/root/server/static/404.html'

Error: ENOENT: no such file or directory, stat '/root/server/static/404.html'

Error: ENOENT: no such file or directory, stat '/root/server/static/404.html'

Error: ENOENT: no such file or directory, stat '/root/server/static/404.html'

Error: ENOENT: no such file or directory, stat '/root/server/static/404.html'

Error: ENOENT: no such file or directory, stat '/root/server/static/404.html'

Error: ENOENT: no such file or directory, stat '/root/server/static/404.html'

Error: ENOENT: no such file or directory, stat '/root/server/static/404.html'

Error: ENOENT: no such file or directory, stat '/root/server/static/404.html'

Error: ENOENT: no such file or directory, stat '/root/server/static/404.html'

Error: ENOENT: no such file or directory, stat '/root/server/static/404.html'

Error: ENOENT: no such file or directory, stat '/root/server/static/404.html'

Error: ENOENT: no such file or directory, stat '/root/server/static/404.html'

Error: ENOENT: no such file or directory, stat '/root/server/static/404.html'

Error: ENOENT: no such file or directory, stat '/root/server/static/404.html'

Error: ENOENT: no such file or directory, stat '/root/server/static/404.html'

Error: ENOENT: no such file or directory, stat '/root/server/static/404.html'

Error: ENOENT: no such file or directory, stat '/root/server/static/404.html'

Error: ENOENT: no such file or directory, stat '/root/server/static/404.html'

Error: ENOENT: no such file or directory, stat '/root/server/static/404.html'

Error: ENOENT: no such file or directory, stat '/root/server/static/404.html'

Error: ENOENT: no such file or directory, stat '/root/server/static/404.html'

Error: ENOENT: no such file or directory, stat '/root/server/static/404.html'

Error: ENOENT: no such file or directory, stat '/root/server/static/404.html'

Error: ENOENT: no such file or directory, stat '/root/server/static/404.html'

Error: ENOENT: no such file or directory, stat '/root/server/static/404.html'

Error: ENOENT: no such file or directory, stat '/root/server/static/404.html'

Error: ENOENT: no such file or directory, stat '/root/server/static/404.html'

Error: ENOENT: no such file or directory, stat '/root/server/static/404.html'

Error: ENOENT: no such file or directory, stat '/root/server/static/404.html'

Error: ENOENT: no such file or directory, stat '/root/server/static/404.html'

Error: ENOENT: no such file or directory, stat '/root/server/static/404.html'

Error: ENOENT: no such file or directory, stat '/root/server/static/404.html'

Error: ENOENT: no such file or directory, stat '/root/server/static/404.html'

Error: ENOENT: no such file or directory, stat '/root/server/static/404.html'

Error: ENOENT: no such file or directory, stat '/root/server/static/404.html'

Error: ENOENT: no such file or directory, stat '/root/server/static/404.html'

Error: ENOENT: no such file or directory, stat '/root/server/static/404.html'

Error: ENOENT: no such file or directory, stat '/root/server/static/404.html'

Error: ENOENT: no such file or directory, stat '/root/server/static/404.html'

Error: ENOENT: no such file or directory, stat '/root/server/static/404.html'

Error: ENOENT: no such file or directory, stat '/root/server/static/404.html'

Error: ENOENT: no such file or directory, stat '/root/server/static/404.html'

Error: ENOENT: no such file or directory, stat '/root/server/static/404.html'

Error: ENOENT: no such file or directory, stat '/root/server/static/404.html'

Error: ENOENT: no such file or directory, stat '/root/server/static/404.html'

Error: ENOENT: no such file or directory, stat '/root/server/static/404.html'

Error: ENOENT: no such file or directory, stat '/root/server/static/404.html'

Error: ENOENT: no such file or directory, stat '/root/server/static/404.html'

Error: ENOENT: no such file or directory, stat '/root/server/static/404.html'

Error: ENOENT: no such file or directory, stat '/root/server/static/404.html'

Error: ENOENT: no such file or directory, stat '/root/server/static/404.html'

Error: ENOENT: no such file or directory, stat '/root/server/static/404.html'

Error: ENOENT: no such file or directory, stat '/root/server/static/404.html'

Error: ENOENT: no such file or directory, stat '/root/server/static/404.html'

Error: ENOENT: no such file or directory, stat '/root/server/static/404.html'

Error: ENOENT: no such file or directory, stat '/root/server/static/404.html'

Error: ENOENT: no such file or directory, stat '/root/server/static/404.html'

Error: ENOENT: no such file or directory, stat '/root/server/static/404.html'

Error: ENOENT: no such file or directory, stat '/root/server/static/404.html'

Error: ENOENT: no such file or directory, stat '/root/server/static/404.html'

Error: ENOENT: no such file or directory, stat '/root/server/static/404.html'

Error: ENOENT: no such file or directory, stat '/root/server/static/404.html'

Error: ENOENT: no such file or directory, stat '/root/server/static/404.html'

Error: ENOENT: no such file or directory, stat '/root/server/static/404.html'

Error: ENOENT: no such file or directory, stat '/root/server/static/404.html'

Error: ENOENT: no such file or directory, stat '/root/server/static/404.html'

Error: ENOENT: no such file or directory, stat '/root/server/static/404.html'

Error: ENOENT: no such file or directory, stat '/root/server/static/404.html'

Error: ENOENT: no such file or directory, stat '/root/server/static/404.html'

Error: ENOENT: no such file or directory, stat '/root/server/static/404.html'

Error: ENOENT: no such file or directory, stat '/root/server/static/404.html'

Error: ENOENT: no such file or directory, stat '/root/server/static/404.html'

Error: ENOENT: no such file or directory, stat '/root/server/static/404.html'

Error: ENOENT: no such file or directory, stat '/root/server/static/404.html'

Error: ENOENT: no such file or directory, stat '/root/server/static/404.html'

Error: ENOENT: no such file or directory, stat '/root/server/static/404.html'

Error: ENOENT: no such file or directory, stat '/root/server/static/404.html'

Error: ENOENT: no such file or directory, stat '/root/server/static/404.html'

Error: ENOENT: no such file or directory, stat '/root/server/static/404.html'

Error: ENOENT: no such file or directory, stat '/root/server/static/404.html'

Error: ENOENT: no such file or directory, stat '/root/server/static/404.html'

Error: ENOENT: no such file or directory, stat '/root/server/static/404.html'

Error: ENOENT: no such file or directory, stat '/root/server/static/404.html'

Error: ENOENT: no such file or directory, stat '/root/server/static/404.html'

Error: ENOENT: no such file or directory, stat '/root/server/static/404.html'

Error: ENOENT: no such file or directory, stat '/root/server/static/404.html'

Error: ENOENT: no such file or directory, stat '/root/server/static/404.html'

Error: ENOENT: no such file or directory, stat '/root/server/static/404.html'

Error: ENOENT: no such file or directory, stat '/root/server/static/404.html'

Error: ENOENT: no such file or directory, stat '/root/server/static/404.html'

Error: ENOENT: no such file or directory, stat '/root/server/static/404.html'

Error: ENOENT: no such file or directory, stat '/root/server/static/404.html'

Error: ENOENT: no such file or directory, stat '/root/server/static/404.html'

Error: ENOENT: no such file or directory, stat '/root/server/static/404.html'

Error: ENOENT: no such file or directory, stat '/root/server/static/404.html'

Error: ENOENT: no such file or directory, stat '/root/server/static/404.html'

Error: ENOENT: no such file or directory, stat '/root/server/static/404.html'

Error: ENOENT: no such file or directory, stat '/root/server/static/404.html'

Error: ENOENT: no such file or directory, stat '/root/server/static/404.html'

Error: ENOENT: no such file or directory, stat '/root/server/static/404.html'

Error: ENOENT: no such file or directory, stat '/root/server/static/404.html'

Error: ENOENT: no such file or directory, stat '/root/server/static/404.html'

Error: ENOENT: no such file or directory, stat '/root/server/static/404.html'

Error: ENOENT: no such file or directory, stat '/root/server/static/404.html'

Error: ENOENT: no such file or directory, stat '/root/server/static/404.html'

Error: ENOENT: no such file or directory, stat '/root/server/static/404.html'

Error: ENOENT: no such file or directory, stat '/root/server/static/404.html'

Error: ENOENT: no such file or directory, stat '/root/server/static/404.html'

Error: ENOENT: no such file or directory, stat '/root/server/static/404.html'

Error: ENOENT: no such file or directory, stat '/root/server/static/404.html'

Error: ENOENT: no such file or directory, stat '/root/server/static/404.html'

Error: ENOENT: no such file or directory, stat '/root/server/static/404.html'

Error: ENOENT: no such file or directory, stat '/root/server/static/404.html'

Error: ENOENT: no such file or directory, stat '/root/server/static/404.html'

Error: ENOENT: no such file or directory, stat '/root/server/static/404.html'

Error: ENOENT: no such file or directory, stat '/root/server/static/404.html'

Error: ENOENT: no such file or directory, stat '/root/server/static/404.html'

Error: ENOENT: no such file or directory, stat '/root/server/static/404.html'

Error: ENOENT: no such file or directory, stat '/root/server/static/404.html'

Error: ENOENT: no such file or directory, stat '/root/server/static/404.html'

Error: ENOENT: no such file or directory, stat '/root/server/static/404.html'

Error: ENOENT: no such file or directory, stat '/root/server/static/404.html'

Error: ENOENT: no such file or directory, stat '/root/server/static/404.html'

Error: ENOENT: no such file or directory, stat '/root/server/static/404.html'

Error: ENOENT: no such file or directory, stat '/root/server/static/404.html'

Error: ENOENT: no such file or directory, stat '/root/server/static/404.html'

Error: ENOENT: no such file or directory, stat '/root/server/static/404.html'

Error: ENOENT: no such file or directory, stat '/root/server/static/404.html'

Error: ENOENT: no such file or directory, stat '/root/server/static/404.html'

Error: ENOENT: no such file or directory, stat '/root/server/static/404.html'

Error: ENOENT: no such file or directory, stat '/root/server/static/404.html'

Error: ENOENT: no such file or directory, stat '/root/server/static/404.html'

Error: ENOENT: no such file or directory, stat '/root/server/static/404.html'

Error: ENOENT: no such file or directory, stat '/root/server/static/404.html'

Error: ENOENT: no such file or directory, stat '/root/server/static/404.html'

Error: ENOENT: no such file or directory, stat '/root/server/static/404.html'

Error: ENOENT: no such file or directory, stat '/root/server/static/404.html'

Error: ENOENT: no such file or directory, stat '/root/server/static/404.html'

Error: ENOENT: no such file or directory, stat '/root/server/static/404.html'

Error: ENOENT: no such file or directory, stat '/root/server/static/404.html'

Error: ENOENT: no such file or directory, stat '/root/server/static/404.html'

Error: ENOENT: no such file or directory, stat '/root/server/static/404.html'

Error: ENOENT: no such file or directory, stat '/root/server/static/404.html'

Error: ENOENT: no such file or directory, stat '/root/server/static/404.html'

Error: ENOENT: no such file or directory, stat '/root/server/static/404.html'

Error: ENOENT: no such file or directory, stat '/root/server/static/404.html'

Error: ENOENT: no such file or directory, stat '/root/server/static/404.html'

Error: ENOENT: no such file or directory, stat '/root/server/static/404.html'

Error: ENOENT: no such file or directory, stat '/root/server/static/404.html'

Error: ENOENT: no such file or directory, stat '/root/server/static/404.html'

Error: ENOENT: no such file or directory, stat '/root/server/static/404.html'

Error: ENOENT: no such file or directory, stat '/root/server/static/404.html'

Error: ENOENT: no such file or directory, stat '/root/server/static/404.html'

Error: ENOENT: no such file or directory, stat '/root/server/static/404.html'

Error: ENOENT: no such file or directory, stat '/root/server/static/404.html'

Error: ENOENT: no such file or directory, stat '/root/server/static/404.html'

Error: ENOENT: no such file or directory, stat '/root/server/static/404.html'

Error: ENOENT: no such file or directory, stat '/root/server/static/404.html'

Error: ENOENT: no such file or directory, stat '/root/server/static/404.html'

Error: ENOENT: no such file or directory, stat '/root/server/static/404.html'

Error: ENOENT: no such file or directory, stat '/root/server/static/404.html'

Error: ENOENT: no such file or directory, stat '/root/server/static/404.html'

Error: ENOENT: no such file or directory, stat '/root/server/static/404.html'

Error: ENOENT: no such file or directory, stat '/root/server/static/404.html'

Error: ENOENT: no such file or directory, stat '/root/server/static/404.html'

Error: ENOENT: no such file or directory, stat '/root/server/static/404.html'

Error: ENOENT: no such file or directory, stat '/root/server/static/404.html'

Error: ENOENT: no such file or directory, stat '/root/server/static/404.html'

Error: ENOENT: no such file or directory, stat '/root/server/static/404.html'

Error: ENOENT: no such file or directory, stat '/root/server/static/404.html'

Error: ENOENT: no such file or directory, stat '/root/server/static/404.html'

Error: ENOENT: no such file or directory, stat '/root/server/static/404.html'

Error: ENOENT: no such file or directory, stat '/root/server/static/404.html'

Error: ENOENT: no such file or directory, stat '/root/server/static/404.html'

Error: ENOENT: no such file or directory, stat '/root/server/static/404.html'

Error: ENOENT: no such file or directory, stat '/root/server/static/404.html'

Error: ENOENT: no such file or directory, stat '/root/server/static/404.html'

Error: ENOENT: no such file or directory, stat '/root/server/static/404.html'

Error: ENOENT: no such file or directory, stat '/root/server/static/404.html'

Error: ENOENT: no such file or directory, stat '/root/server/static/404.html'

Error: ENOENT: no such file or directory, stat '/root/server/static/404.html'

Error: ENOENT: no such file or directory, stat '/root/server/static/404.html'

Error: ENOENT: no such file or directory, stat '/root/server/static/404.html'

Error: ENOENT: no such file or directory, stat '/root/server/static/404.html'

Error: ENOENT: no such file or directory, stat '/root/server/static/404.html'

Error: ENOENT: no such file or directory, stat '/root/server/static/404.html'

Error: ENOENT: no such file or directory, stat '/root/server/static/404.html'

Error: ENOENT: no such file or directory, stat '/root/server/static/404.html'

Error: ENOENT: no such file or directory, stat '/root/server/static/404.html'

Error: ENOENT: no such file or directory, stat '/root/server/static/404.html'

Error: ENOENT: no such file or directory, stat '/root/server/static/404.html'

Error: ENOENT: no such file or directory, stat '/root/server/static/404.html'

Error: ENOENT: no such file or directory, stat '/root/server/static/404.html'

Error: ENOENT: no such file or directory, stat '/root/server/static/404.html'

Error: ENOENT: no such file or directory, stat '/root/server/static/404.html'

Error: ENOENT: no such file or directory, stat '/root/server/static/404.html'

Error: ENOENT: no such file or directory, stat '/root/server/static/404.html'

Error: ENOENT: no such file or directory, stat '/root/server/static/404.html'

Error: ENOENT: no such file or directory, stat '/root/server/static/404.html'

Error: ENOENT: no such file or directory, stat '/root/server/static/404.html'

Error: ENOENT: no such file or directory, stat '/root/server/static/404.html'

Error: ENOENT: no such file or directory, stat '/root/server/static/404.html'

Error: ENOENT: no such file or directory, stat '/root/server/static/404.html'

Error: ENOENT: no such file or directory, stat '/root/server/static/404.html'

Error: ENOENT: no such file or directory, stat '/root/server/static/404.html'

Error: ENOENT: no such file or directory, stat '/root/server/static/404.html'

Error: ENOENT: no such file or directory, stat '/root/server/static/404.html'

Error: ENOENT: no such file or directory, stat '/root/server/static/404.html'

Error: ENOENT: no such file or directory, stat '/root/server/static/404.html'

Error: ENOENT: no such file or directory, stat '/root/server/static/404.html'

Error: ENOENT: no such file or directory, stat '/root/server/static/404.html'

Error: ENOENT: no such file or directory, stat '/root/server/static/404.html'

Error: ENOENT: no such file or directory, stat '/root/server/static/404.html'

Error: ENOENT: no such file or directory, stat '/root/server/static/404.html'

Error: ENOENT: no such file or directory, stat '/root/server/static/404.html'

Error: ENOENT: no such file or directory, stat '/root/server/static/404.html'

Error: ENOENT: no such file or directory, stat '/root/server/static/404.html'

Error: ENOENT: no such file or directory, stat '/root/server/static/404.html'

Error: ENOENT: no such file or directory, stat '/root/server/static/404.html'

Error: ENOENT: no such file or directory, stat '/root/server/static/404.html'

Error: ENOENT: no such file or directory, stat '/root/server/static/404.html'

Error: ENOENT: no such file or directory, stat '/root/server/static/404.html'

Error: ENOENT: no such file or directory, stat '/root/server/static/404.html'

Error: ENOENT: no such file or directory, stat '/root/server/static/404.html'

Error: ENOENT: no such file or directory, stat '/root/server/static/404.html'

Error: ENOENT: no such file or directory, stat '/root/server/static/404.html'

Error: ENOENT: no such file or directory, stat '/root/server/static/404.html'

Error: ENOENT: no such file or directory, stat '/root/server/static/404.html'

Error: ENOENT: no such file or directory, stat '/root/server/static/404.html'

Error: ENOENT: no such file or directory, stat '/root/server/static/404.html'

Error: ENOENT: no such file or directory, stat '/root/server/static/404.html'

Error: ENOENT: no such file or directory, stat '/root/server/static/404.html'

Error: ENOENT: no such file or directory, stat '/root/server/static/404.html'

Error: ENOENT: no such file or directory, stat '/root/server/static/404.html'

Error: ENOENT: no such file or directory, stat '/root/server/static/404.html'

Error: ENOENT: no such file or directory, stat '/root/server/static/404.html'

Error: ENOENT: no such file or directory, stat '/root/server/static/404.html'

Error: ENOENT: no such file or directory, stat '/root/server/static/404.html'

Error: ENOENT: no such file or directory, stat '/root/server/static/404.html'

Error: ENOENT: no such file or directory, stat '/root/server/static/404.html'

Error: ENOENT: no such file or directory, stat '/root/server/static/404.html'

Error: ENOENT: no such file or directory, stat '/root/server/static/404.html'

Error: ENOENT: no such file or directory, stat '/root/server/static/404.html'

Error: ENOENT: no such file or directory, stat '/root/server/static/404.html'

Error: ENOENT: no such file or directory, stat '/root/server/static/404.html'

Error: ENOENT: no such file or directory, stat '/root/server/static/404.html'

Error: ENOENT: no such file or directory, stat '/root/server/static/404.html'

Error: ENOENT: no such file or directory, stat '/root/server/static/404.html'

Error: ENOENT: no such file or directory, stat '/root/server/static/404.html'

Error: ENOENT: no such file or directory, stat '/root/server/static/404.html'

Error: ENOENT: no such file or directory, stat '/root/server/static/404.html'

Error: ENOENT: no such file or directory, stat '/root/server/static/404.html'

Error: ENOENT: no such file or directory, stat '/root/server/static/404.html'

Error: ENOENT: no such file or directory, stat '/root/server/static/404.html'

Error: ENOENT: no such file or directory, stat '/root/server/static/404.html'

Error: ENOENT: no such file or directory, stat '/root/server/static/404.html'

Error: ENOENT: no such file or directory, stat '/root/server/static/404.html'

Error: ENOENT: no such file or directory, stat '/root/server/static/404.html'

Error: ENOENT: no such file or directory, stat '/root/server/static/404.html'

Error: ENOENT: no such file or directory, stat '/root/server/static/404.html'

Error: ENOENT: no such file or directory, stat '/root/server/static/404.html'

Error: ENOENT: no such file or directory, stat '/root/server/static/404.html'

Error: ENOENT: no such file or directory, stat '/root/server/static/404.html'

Error: ENOENT: no such file or directory, stat '/root/server/static/404.html'

Error: ENOENT: no such file or directory, stat '/root/server/static/404.html'

Error: ENOENT: no such file or directory, stat '/root/server/static/404.html'

Error: ENOENT: no such file or directory, stat '/root/server/static/404.html'

Error: ENOENT: no such file or directory, stat '/root/server/static/404.html'

Error: ENOENT: no such file or directory, stat '/root/server/static/404.html'

Error: ENOENT: no such file or directory, stat '/root/server/static/404.html'

Error: ENOENT: no such file or directory, stat '/root/server/static/404.html'

Error: ENOENT: no such file or directory, stat '/root/server/static/404.html'

Error: ENOENT: no such file or directory, stat '/root/server/static/404.html'

Error: ENOENT: no such file or directory, stat '/root/server/static/404.html'

Error: ENOENT: no such file or directory, stat '/root/server/static/404.html'

Error: ENOENT: no such file or directory, stat '/root/server/static/404.html'

Error: ENOENT: no such file or directory, stat '/root/server/static/404.html'

Error: ENOENT: no such file or directory, stat '/root/server/static/404.html'

Error: ENOENT: no such file or directory, stat '/root/server/static/404.html'

Error: ENOENT: no such file or directory, stat '/root/server/static/404.html'

Error: ENOENT: no such file or directory, stat '/root/server/static/404.html'

Error: ENOENT: no such file or directory, stat '/root/server/static/404.html'

Error: ENOENT: no such file or directory, stat '/root/server/static/404.html'

Error: ENOENT: no such file or directory, stat '/root/server/static/404.html'

Error: ENOENT: no such file or directory, stat '/root/server/static/404.html'

Error: ENOENT: no such file or directory, stat '/root/server/static/404.html'

Error: ENOENT: no such file or directory, stat '/root/server/static/404.html'

Error: ENOENT: no such file or directory, stat '/root/server/static/404.html'

Error: ENOENT: no such file or directory, stat '/root/server/static/404.html'

Error: ENOENT: no such file or directory, stat '/root/server/static/404.html'

Error: ENOENT: no such file or directory, stat '/root/server/static/404.html'

Error: ENOENT: no such file or directory, stat '/root/server/static/404.html'

Error: ENOENT: no such file or directory, stat '/root/server/static/404.html'

Error: ENOENT: no such file or directory, stat '/root/server/static/404.html'

Error: ENOENT: no such file or directory, stat '/root/server/static/404.html'

Error: ENOENT: no such file or directory, stat '/root/server/static/404.html'

Error: ENOENT: no such file or directory, stat '/root/server/static/404.html'

Error: ENOENT: no such file or directory, stat '/root/server/static/404.html'

Error: ENOENT: no such file or directory, stat '/root/server/static/404.html'

Error: ENOENT: no such file or directory, stat '/root/server/static/404.html'

Error: ENOENT: no such file or directory, stat '/root/server/static/404.html'

Error: ENOENT: no such file or directory, stat '/root/server/static/404.html'

Error: ENOENT: no such file or directory, stat '/root/server/static/404.html'

Error: ENOENT: no such file or directory, stat '/root/server/static/404.html'

Error: ENOENT: no such file or directory, stat '/root/server/static/404.html'

Error: ENOENT: no such file or directory, stat '/root/server/static/404.html'

Error: ENOENT: no such file or directory, stat '/root/server/static/404.html'

Error: ENOENT: no such file or directory, stat '/root/server/static/404.html'

Error: ENOENT: no such file or directory, stat '/root/server/static/404.html'

Error: ENOENT: no such file or directory, stat '/root/server/static/404.html'

Error: ENOENT: no such file or directory, stat '/root/server/static/404.html'

Error: ENOENT: no such file or directory, stat '/root/server/static/404.html'

Error: ENOENT: no such file or directory, stat '/root/server/static/404.html'

Error: ENOENT: no such file or directory, stat '/root/server/static/404.html'

Error: ENOENT: no such file or directory, stat '/root/server/static/404.html'

Error: ENOENT: no such file or directory, stat '/root/server/static/404.html'

Error: ENOENT: no such file or directory, stat '/root/server/static/404.html'

Error: ENOENT: no such file or directory, stat '/root/server/static/404.html'

Error: ENOENT: no such file or directory, stat '/root/server/static/404.html'

Error: ENOENT: no such file or directory, stat '/root/server/static/404.html'

Error: ENOENT: no such file or directory, stat '/root/server/static/404.html'

Error: ENOENT: no such file or directory, stat '/root/server/static/404.html'

Error: ENOENT: no such file or directory, stat '/root/server/static/404.html'

Error: ENOENT: no such file or directory, stat '/root/server/static/404.html'

Error: ENOENT: no such file or directory, stat '/root/server/static/404.html'

Error: ENOENT: no such file or directory, stat '/root/server/static/404.html'

Error: ENOENT: no such file or directory, stat '/root/server/static/404.html'

Error: ENOENT: no such file or directory, stat '/root/server/static/404.html'

Error: ENOENT: no such file or directory, stat '/root/server/static/404.html'

Error: ENOENT: no such file or directory, stat '/root/server/static/404.html'

Error: ENOENT: no such file or directory, stat '/root/server/static/404.html'

Error: ENOENT: no such file or directory, stat '/root/server/static/404.html'

Error: ENOENT: no such file or directory, stat '/root/server/static/404.html'

Error: ENOENT: no such file or directory, stat '/root/server/static/404.html'

Error: ENOENT: no such file or directory, stat '/root/server/static/404.html'

Error: ENOENT: no such file or directory, stat '/root/server/static/404.html'

Error: ENOENT: no such file or directory, stat '/root/server/static/404.html'

Error: ENOENT: no such file or directory, stat '/root/server/static/404.html'

Error: ENOENT: no such file or directory, stat '/root/server/static/404.html'

Error: ENOENT: no such file or directory, stat '/root/server/static/404.html'

Error: ENOENT: no such file or directory, stat '/root/server/static/404.html'

Error: ENOENT: no such file or directory, stat '/root/server/static/404.html'

Error: ENOENT: no such file or directory, stat '/root/server/static/404.html'

Error: ENOENT: no such file or directory, stat '/root/server/static/404.html'

Error: ENOENT: no such file or directory, stat '/root/server/static/404.html'

Error: ENOENT: no such file or directory, stat '/root/server/static/404.html'

Error: ENOENT: no such file or directory, stat '/root/server/static/404.html'

Error: ENOENT: no such file or directory, stat '/root/server/static/404.html'

Error: ENOENT: no such file or directory, stat '/root/server/static/404.html'

Error: ENOENT: no such file or directory, stat '/root/server/static/404.html'

Error: ENOENT: no such file or directory, stat '/root/server/static/404.html'

Error: ENOENT: no such file or directory, stat '/root/server/static/404.html'

Error: ENOENT: no such file or directory, stat '/root/server/static/404.html'

Error: ENOENT: no such file or directory, stat '/root/server/static/404.html'

Error: ENOENT: no such file or directory, stat '/root/server/static/404.html'

Error: ENOENT: no such file or directory, stat '/root/server/static/404.html'

Error: ENOENT: no such file or directory, stat '/root/server/static/404.html'

Error: ENOENT: no such file or directory, stat '/root/server/static/404.html'

Error: ENOENT: no such file or directory, stat '/root/server/static/404.html'

Error: ENOENT: no such file or directory, stat '/root/server/static/404.html'

Error: ENOENT: no such file or directory, stat '/root/server/static/404.html'

Error: ENOENT: no such file or directory, stat '/root/server/static/404.html'

Error: ENOENT: no such file or directory, stat '/root/server/static/404.html'

Error: ENOENT: no such file or directory, stat '/root/server/static/404.html'

Error: ENOENT: no such file or directory, stat '/root/server/static/404.html'

Error: ENOENT: no such file or directory, stat '/root/server/static/404.html'

Error: ENOENT: no such file or directory, stat '/root/server/static/404.html'

Error: ENOENT: no such file or directory, stat '/root/server/static/404.html'

Error: ENOENT: no such file or directory, stat '/root/server/static/404.html'

Error: ENOENT: no such file or directory, stat '/root/server/static/404.html'

Error: ENOENT: no such file or directory, stat '/root/server/static/404.html'

Error: ENOENT: no such file or directory, stat '/root/server/static/404.html'

Error: ENOENT: no such file or directory, stat '/root/server/static/404.html'

Error: ENOENT: no such file or directory, stat '/root/server/static/404.html'

Error: ENOENT: no such file or directory, stat '/root/server/static/404.html'

Error: Rule "Team Preview" was added by "[Gen 1] Rose Red / Iris Blue" but already exists in "Standard"
    at ModdedDex.getRuleTable (C:\Users\Aabrar\Desktop\rby2k20\pokemon-showdown\.sim-dist\dex.js:896:11)
    at new TeamValidator (C:\Users\Aabrar\Desktop\rby2k20\pokemon-showdown\.sim-dist\team-validator.js:197:29)
    at Function.get (C:\Users\Aabrar\Desktop\rby2k20\pokemon-showdown\.sim-dist\team-validator.js:1963:10)
    at QueryProcessManager._query (C:\Users\Aabrar\Desktop\rby2k20\pokemon-showdown\.server-dist\team-validator-async.js:48:43)
    at process.<anonymous> (C:\Users\Aabrar\Desktop\rby2k20\pokemon-showdown\.lib-dist\process-manager.js:399:30)
    at process.emit (events.js:200:13)
    at process.EventEmitter.emit (domain.js:471:20)
    at emit (internal/child_process.js:876:12)
    at processTicksAndRejections (internal/process/task_queues.js:84:9)

Additional information:
  formatid = gen1roseredirisblue
  team = Gengar|||none|hypnosis,dreameater,psychic,toxic|||||||]Chansey|||none|icebeam,thunderwave,softboiled,counter|||F||||]Pinsir|||none|swordsdance,visegrip,hyperbeam,submission|||||||]Ditto|||none|transform|||||||]Golduck|||none|amnesia,blizzard,surf,rest|||||||


Error: Rule "Team Preview" was added by "[Gen 1] Rose Red / Iris Blue" but already exists in "Standard"
    at ModdedDex.getRuleTable (C:\Users\Aabrar\Desktop\rby2k20\pokemon-showdown\.sim-dist\dex.js:896:11)
    at new TeamValidator (C:\Users\Aabrar\Desktop\rby2k20\pokemon-showdown\.sim-dist\team-validator.js:197:29)
    at Function.get (C:\Users\Aabrar\Desktop\rby2k20\pokemon-showdown\.sim-dist\team-validator.js:1963:10)
    at QueryProcessManager._query (C:\Users\Aabrar\Desktop\rby2k20\pokemon-showdown\.server-dist\team-validator-async.js:48:43)
    at process.<anonymous> (C:\Users\Aabrar\Desktop\rby2k20\pokemon-showdown\.lib-dist\process-manager.js:399:30)
    at process.emit (events.js:200:13)
    at process.EventEmitter.emit (domain.js:471:20)
    at emit (internal/child_process.js:876:12)
    at processTicksAndRejections (internal/process/task_queues.js:84:9)

Additional information:
  formatid = gen1roseredirisblue
  team = Gengar|||none|hypnosis,dreameater,psychic,toxic|||||||]Chansey|||none|icebeam,thunderwave,softboiled,counter|||F||||]Pinsir|||none|swordsdance,visegrip,hyperbeam,submission|||||||]Ditto|||none|transform|||||||]Golduck|||none|amnesia,blizzard,surf,rest|||||||


Error: Nothing matches "Illegal"
    at ModdedDex.validateBanRule (C:\Users\Aabrar\Desktop\rby2k20\pokemon-showdown\.sim-dist\dex.js:1049:10)
    at ModdedDex.validateRule (C:\Users\Aabrar\Desktop\rby2k20\pokemon-showdown\.sim-dist\dex.js:977:33)
    at ModdedDex.getRuleTable (C:\Users\Aabrar\Desktop\rby2k20\pokemon-showdown\.sim-dist\dex.js:856:26)
    at ModdedDex.getRuleTable (C:\Users\Aabrar\Desktop\rby2k20\pokemon-showdown\.sim-dist\dex.js:903:30)
    at new TeamValidator (C:\Users\Aabrar\Desktop\rby2k20\pokemon-showdown\.sim-dist\team-validator.js:197:29)
    at Function.get (C:\Users\Aabrar\Desktop\rby2k20\pokemon-showdown\.sim-dist\team-validator.js:1963:10)
    at QueryProcessManager._query (C:\Users\Aabrar\Desktop\rby2k20\pokemon-showdown\.server-dist\team-validator-async.js:48:43)
    at process.<anonymous> (C:\Users\Aabrar\Desktop\rby2k20\pokemon-showdown\.lib-dist\process-manager.js:399:30)
    at process.emit (events.js:200:13)
    at process.EventEmitter.emit (domain.js:471:20)

Additional information:
  formatid = gen1roseredirisblue
  team = Gengar|||none|hypnosis,dreameater,psychic,toxic|||||||]Chansey|||none|icebeam,thunderwave,softboiled,counter|||F||||]Pinsir|||none|swordsdance,visegrip,hyperbeam,submission|||||||]Ditto|||none|transform|||||||]Golduck|||none|amnesia,blizzard,surf,rest|||||||


Error: Psyduck from Golduck doesn't have data for event 1S0 psyduck
    at TeamValidator.validateSource (C:\Users\Aabrar\Desktop\rby2k20\pokemon-showdown\.sim-dist\team-validator.js:939:11)
    at TeamValidator.validateSet (C:\Users\Aabrar\Desktop\rby2k20\pokemon-showdown\.sim-dist\team-validator.js:577:14)
    at TeamValidator.baseValidateTeam (C:\Users\Aabrar\Desktop\rby2k20\pokemon-showdown\.sim-dist\team-validator.js:265:60)
    at TeamValidator.validateTeam (C:\Users\Aabrar\Desktop\rby2k20\pokemon-showdown\.sim-dist\team-validator.js:213:15)
    at QueryProcessManager._query (C:\Users\Aabrar\Desktop\rby2k20\pokemon-showdown\.server-dist\team-validator-async.js:48:57)
    at process.<anonymous> (C:\Users\Aabrar\Desktop\rby2k20\pokemon-showdown\.lib-dist\process-manager.js:399:30)
    at process.emit (events.js:200:13)
    at process.EventEmitter.emit (domain.js:471:20)
    at emit (internal/child_process.js:876:12)
    at processTicksAndRejections (internal/process/task_queues.js:84:9)

Additional information:
  formatid = gen1roseredirisblue
  team = Gengar|||none|hypnosis,dreameater,psychic,toxic|||||||]Chansey|||none|icebeam,thunderwave,softboiled,counter|||F||||]Pinsir|||none|swordsdance,visegrip,hyperbeam,submission|||||||]Ditto|||none|transform|||||||]Golduck|||none|amnesia,blizzard,surf,rest|||||||


ReferenceError: toId is not defined
    at Pokemon.getStat (C:\Users\Aabrar\Desktop\rby2k20\pokemon-showdown\data\mods\roseredirisblue\scripts.js:31:4)
    at Pokemon.getActionSpeed (C:\Users\Aabrar\Desktop\rby2k20\pokemon-showdown\.sim-dist\pokemon.js:517:20)
    at Battle.getActionSpeed (C:\Users\Aabrar\Desktop\rby2k20\pokemon-showdown\.sim-dist\battle.js:2419:34)
    at BattleQueue.resolveAction (C:\Users\Aabrar\Desktop\rby2k20\pokemon-showdown\.sim-dist\battle-queue.js:214:35)
    at BattleQueue.addChoice (C:\Users\Aabrar\Desktop\rby2k20\pokemon-showdown\.sim-dist\battle-queue.js:249:22)
    at Battle.commitDecisions (C:\Users\Aabrar\Desktop\rby2k20\pokemon-showdown\.sim-dist\battle.js:2745:15)
    at Battle.choose (C:\Users\Aabrar\Desktop\rby2k20\pokemon-showdown\.sim-dist\battle.js:2713:35)
    at RoomBattleStream._writeLine (C:\Users\Aabrar\Desktop\rby2k20\pokemon-showdown\.sim-dist\battle-stream.js:107:17)
    at RoomBattleStream._writeLine (C:\Users\Aabrar\Desktop\rby2k20\pokemon-showdown\.server-dist\room-battle.js:1190:18)
    at RoomBattleStream._writeLines (C:\Users\Aabrar\Desktop\rby2k20\pokemon-showdown\.sim-dist\battle-stream.js:69:10)

Additional information:
  chunk = >p2 team 32145
  inputLog = 
>version 95aec0ded2d92d4035c69d7a78d04de641214e5d
>start {"formatid":"gen1roseredirisblue","seed":[55873,55641,4905,57723]}
>player p1 {"name":"testrai24","avatar":"266","team":"Gengar|||noability|hypnosis,dreameater,psychic,toxic|Serious|252,252,252,252,252,252|N||||]Chansey|||noability|icebeam,thunderwave,softboiled,counter|Serious|252,252,252,252,252,252|N||||]Pinsir|||noability|swordsdance,visegrip,hyperbeam,submission|Serious|252,252,252,252,252,252|N||||]Ditto|||noability|transform|Serious|252,252,252,252,252,252|N||||]Golduck|||noability|amnesia,blizzard,surf,rest|Serious|252,252,252,252,252,252|N||||","rating":0}
>player p2 {"name":"KuraiTenshi26","avatar":"whitney","team":"Gengar|||noability|hypnosis,dreameater,psychic,toxic|Serious|252,252,252,252,252,252|N||||]Chansey|||noability|icebeam,thunderwave,softboiled,counter|Serious|252,252,252,252,252,252|N||||]Pinsir|||noability|swordsdance,visegrip,hyperbeam,submission|Serious|252,252,252,252,252,252|N||||]Ditto|||noability|transform|Serious|252,252,252,252,252,252|N||||]Golduck|||noability|amnesia,blizzard,surf,rest|Serious|252,252,252,252,252,252|N||||","rating":0}
>p1 team 1, 2, 3, 4, 5
>p2 team 3, 2, 1, 4, 5
  log = 
|player|p1|testrai24|266|
|player|p2|KuraiTenshi26|whitney|
|teamsize|p1|5
|teamsize|p2|5
|gametype|singles
|gen|1
|tier|[Gen 1] Rose Red / Iris Blue
|rule|Sleep Clause Mod: Limit one foe put to sleep
|rule|Freeze Clause Mod: Limit one foe frozen
|rule|Species Clause: Limit one of each Pokémon
|rule|OHKO Clause: OHKO moves are banned
|rule|Evasion Moves Clause: Evasion moves are banned
|rule|Endless Battle Clause: Forcing endless battles is banned
|rule|HP Percentage Mod: HP is shown in percentages
|clearpoke
|poke|p1|Gengar|
|poke|p1|Chansey|
|poke|p1|Pinsir|
|poke|p1|Ditto|
|poke|p1|Golduck|
|poke|p2|Gengar|
|poke|p2|Chansey|
|poke|p2|Pinsir|
|poke|p2|Ditto|
|poke|p2|Golduck|
|teampreview


TypeError: this.clampIntRange is not a function
    at Battle.onAfterMoveSelf (C:\Users\Aabrar\Desktop\rby2k20\pokemon-showdown\data\mods\roseredirisblue\statuses.js:145:21)
    at Battle.runEvent (C:\Users\Aabrar\Desktop\rby2k20\pokemon-showdown\.sim-dist\battle.js:728:34)
    at Battle.runMove (C:\Users\Aabrar\Desktop\rby2k20\pokemon-showdown\data\mods\roseredirisblue\scripts.js:146:9)
    at Battle.runAction (C:\Users\Aabrar\Desktop\rby2k20\pokemon-showdown\.sim-dist\battle.js:2460:9)
    at Battle.go (C:\Users\Aabrar\Desktop\rby2k20\pokemon-showdown\.sim-dist\battle.js:2691:9)
    at Battle.commitDecisions (C:\Users\Aabrar\Desktop\rby2k20\pokemon-showdown\.sim-dist\battle.js:2757:8)
    at Battle.choose (C:\Users\Aabrar\Desktop\rby2k20\pokemon-showdown\.sim-dist\battle.js:2713:35)
    at RoomBattleStream._writeLine (C:\Users\Aabrar\Desktop\rby2k20\pokemon-showdown\.sim-dist\battle-stream.js:107:17)
    at RoomBattleStream._writeLine (C:\Users\Aabrar\Desktop\rby2k20\pokemon-showdown\.server-dist\room-battle.js:1190:18)
    at RoomBattleStream._writeLines (C:\Users\Aabrar\Desktop\rby2k20\pokemon-showdown\.sim-dist\battle-stream.js:69:10)

Additional information:
  chunk = >p2 move 2
  inputLog = 
>version 95aec0ded2d92d4035c69d7a78d04de641214e5d
>start {"formatid":"gen1roseredirisblue","seed":[17976,38073,10839,17410]}
>player p1 {"name":"KuraiTenshi26","avatar":"whitney","team":"Gengar|||noability|hypnosis,dreameater,psychic,toxic|Serious|252,252,252,252,252,252|N||||]Chansey|||noability|icebeam,thunderwave,softboiled,counter|Serious|252,252,252,252,252,252|N||||]Pinsir|||noability|swordsdance,visegrip,hyperbeam,submission|Serious|252,252,252,252,252,252|N||||]Ditto|||noability|transform|Serious|252,252,252,252,252,252|N||||]Golduck|||noability|amnesia,blizzard,surf,rest|Serious|252,252,252,252,252,252|N||||","rating":0}
>player p2 {"name":"testrai24","avatar":"2","team":"Gengar|||noability|hypnosis,dreameater,psychic,toxic|Serious|252,252,252,252,252,252|N||||]Chansey|||noability|icebeam,thunderwave,softboiled,counter|Serious|252,252,252,252,252,252|N||||]Pinsir|||noability|swordsdance,visegrip,hyperbeam,submission|Serious|252,252,252,252,252,252|N||||]Ditto|||noability|transform|Serious|252,252,252,252,252,252|N||||]Golduck|||noability|amnesia,blizzard,surf,rest|Serious|252,252,252,252,252,252|N||||","rating":0}
>p1 team 1, 2, 3, 4, 5
>p2 team 3, 2, 1, 4, 5
>p1 move toxic
>p2 move visegrip
  log = 
|player|p1|KuraiTenshi26|whitney|
|player|p2|testrai24|2|
|teamsize|p1|5
|teamsize|p2|5
|gametype|singles
|gen|1
|tier|[Gen 1] Rose Red / Iris Blue
|rule|Sleep Clause Mod: Limit one foe put to sleep
|rule|Freeze Clause Mod: Limit one foe frozen
|rule|Species Clause: Limit one of each Pokémon
|rule|OHKO Clause: OHKO moves are banned
|rule|Evasion Moves Clause: Evasion moves are banned
|rule|Endless Battle Clause: Forcing endless battles is banned
|rule|HP Percentage Mod: HP is shown in percentages
|clearpoke
|poke|p1|Gengar|
|poke|p1|Chansey|
|poke|p1|Pinsir|
|poke|p1|Ditto|
|poke|p1|Golduck|
|poke|p2|Gengar|
|poke|p2|Chansey|
|poke|p2|Pinsir|
|poke|p2|Ditto|
|poke|p2|Golduck|
|teampreview
|
|start
|switch|p1a: Gengar|Gengar|323/323
|switch|p2a: Pinsir|Pinsir|333/333
|turn|1
|
|move|p1a: Gengar|Toxic|p2a: Pinsir
|-status|p2a: Pinsir|tox
|move|p2a: Pinsir|Vise Grip|p1a: Gengar
|-crit|p1a: Gengar
|-damage|p1a: Gengar|129/323


TypeError: this.getMove is not a function
    at Battle.damageCallback (C:\Users\Aabrar\Desktop\rby2k20\pokemon-showdown\data\mods\roseredirisblue\moves.js:244:52)
    at Battle.getDamage (C:\Users\Aabrar\Desktop\rby2k20\pokemon-showdown\data\mods\roseredirisblue\scripts.js:715:31)
    at Battle.moveHit (C:\Users\Aabrar\Desktop\rby2k20\pokemon-showdown\data\mods\roseredirisblue\scripts.js:462:18)
    at Battle.tryMoveHit (C:\Users\Aabrar\Desktop\rby2k20\pokemon-showdown\data\mods\roseredirisblue\scripts.js:369:19)
    at Battle.useMove (C:\Users\Aabrar\Desktop\rby2k20\pokemon-showdown\data\mods\roseredirisblue\scripts.js:230:17)
    at Battle.runMove (C:\Users\Aabrar\Desktop\rby2k20\pokemon-showdown\data\mods\roseredirisblue\scripts.js:133:8)
    at Battle.runAction (C:\Users\Aabrar\Desktop\rby2k20\pokemon-showdown\.sim-dist\battle.js:2460:9)
    at Battle.go (C:\Users\Aabrar\Desktop\rby2k20\pokemon-showdown\.sim-dist\battle.js:2691:9)
    at Battle.commitDecisions (C:\Users\Aabrar\Desktop\rby2k20\pokemon-showdown\.sim-dist\battle.js:2757:8)
    at Battle.choose (C:\Users\Aabrar\Desktop\rby2k20\pokemon-showdown\.sim-dist\battle.js:2713:35)

Additional information:
  chunk = >p2 move 4
  inputLog = 
>version 95aec0ded2d92d4035c69d7a78d04de641214e5d
>start {"formatid":"gen1roseredirisblue","seed":[43829,8291,18527,61528]}
>player p1 {"name":"KuraiTenshi26","avatar":"whitney","team":"Gengar|||noability|hypnosis,dreameater,psychic,toxic|Serious|252,252,252,252,252,252|N||||]Chansey|||noability|icebeam,thunderwave,softboiled,counter|Serious|252,252,252,252,252,252|N||||]Pinsir|||noability|swordsdance,visegrip,hyperbeam,submission|Serious|252,252,252,252,252,252|N||||]Ditto|||noability|transform|Serious|252,252,252,252,252,252|N||||]Golduck|||noability|amnesia,blizzard,surf,rest|Serious|252,252,252,252,252,252|N||||","rating":0}
>player p2 {"name":"testrai24","avatar":"170","team":"Gengar|||noability|hypnosis,dreameater,psychic,toxic|Serious|252,252,252,252,252,252|N||||]Chansey|||noability|icebeam,thunderwave,softboiled,counter|Serious|252,252,252,252,252,252|N||||]Pinsir|||noability|swordsdance,visegrip,hyperbeam,submission|Serious|252,252,252,252,252,252|N||||]Ditto|||noability|transform|Serious|252,252,252,252,252,252|N||||]Golduck|||noability|amnesia,blizzard,surf,rest|Serious|252,252,252,252,252,252|N||||","rating":0}
>p1 team 1, 2, 3, 4, 5
>p2 team 3, 2, 1, 4, 5
>p1 move toxic
>p2 move visegrip
>p1 move dreameater
>p2 move visegrip
>p1 move dreameater
>p2 switch 2
>p1 move hypnosis
>p2 move counter
  log = 
|player|p1|KuraiTenshi26|whitney|
|player|p2|testrai24|170|
|teamsize|p1|5
|teamsize|p2|5
|gametype|singles
|gen|1
|tier|[Gen 1] Rose Red / Iris Blue
|rule|Sleep Clause Mod: Limit one foe put to sleep
|rule|Freeze Clause Mod: Limit one foe frozen
|rule|Species Clause: Limit one of each Pokémon
|rule|OHKO Clause: OHKO moves are banned
|rule|Evasion Moves Clause: Evasion moves are banned
|rule|Endless Battle Clause: Forcing endless battles is banned
|rule|HP Percentage Mod: HP is shown in percentages
|clearpoke
|poke|p1|Gengar|
|poke|p1|Chansey|
|poke|p1|Pinsir|
|poke|p1|Ditto|
|poke|p1|Golduck|
|poke|p2|Gengar|
|poke|p2|Chansey|
|poke|p2|Pinsir|
|poke|p2|Ditto|
|poke|p2|Golduck|
|teampreview
|
|start
|switch|p1a: Gengar|Gengar|323/323
|switch|p2a: Pinsir|Pinsir|333/333
|turn|1
|
|move|p1a: Gengar|Toxic|p2a: Pinsir
|-status|p2a: Pinsir|tox
|move|p2a: Pinsir|Vise Grip|p1a: Gengar
|-crit|p1a: Gengar
|-resisted|p1a: Gengar
|-damage|p1a: Gengar|268/323
|-damage|p2a: Pinsir|313/333 tox|[from] psn
|
|upkeep
|turn|2
|
|move|p1a: Gengar|Dream Eater|p2a: Pinsir
|-damage|p2a: Pinsir|148/333 tox
|-heal|p1a: Gengar|323/323|[from] drain|[of] p2a: Pinsir
|move|p2a: Pinsir|Vise Grip|p1a: Gengar
|-crit|p1a: Gengar
|-resisted|p1a: Gengar
|-damage|p1a: Gengar|275/323
|-damage|p2a: Pinsir|108/333 tox|[from] psn
|
|upkeep
|turn|3
|
|switch|p2a: Chansey|Chansey|703/703
|move|p1a: Gengar|Dream Eater|p2a: Chansey
|-immune|p2a: Chansey
|
|upkeep
|turn|4
|
|move|p1a: Gengar|Hypnosis|p2a: Chansey|[miss]
|-miss|p1a: Gengar
|move|p2a: Chansey|Counter|p1a: Gengar


C:\Users\Aabrar\Desktop\rbyserver\pokemon-showdown\data\mods\roseredirisblue\moves.js:372
		shortDesc: "10% chance to burn. 25% recoil."
		^^^^^^^^^

SyntaxError: Unexpected identifier
    at Module._compile (internal/modules/cjs/loader.js:718:23)
    at Object.Module._extensions..js (internal/modules/cjs/loader.js:785:10)
    at Module.load (internal/modules/cjs/loader.js:641:32)
    at Function.Module._load (internal/modules/cjs/loader.js:556:12)
    at Module.require (internal/modules/cjs/loader.js:681:19)
    at require (internal/modules/cjs/helpers.js:16:16)
    at ModdedDex.loadDataFile (C:\Users\Aabrar\Desktop\rbyserver\pokemon-showdown\.sim-dist\dex.js:1424:23)
    at ModdedDex.loadData (C:\Users\Aabrar\Desktop\rbyserver\pokemon-showdown\.sim-dist\dex.js:1490:28)
    at ModdedDex.includeData (C:\Users\Aabrar\Desktop\rbyserver\pokemon-showdown\.sim-dist\dex.js:1461:8)
    at ModdedDex.forFormat (C:\Users\Aabrar\Desktop\rbyserver\pokemon-showdown\.sim-dist\dex.js:231:33)

Additional information:
  formatid = gen1roseredirisblue
  team = Parasect|||none|spore,leechlife,bind,stunspore|||||||]Farfetch'd|||none|swordsdance,whirlwind,hyperbeam,razorleaf|||||||]Fearow|||none|hypnosis,slash,whirlwind,razorwind|||||||]Vileplume|||none|sleeppowder,recover,acid,megadrain|||||||]Seaking|||none|swordsdance,hyperbeam,drillpeck,surf|||||||]Venusaur|||none|stunspore,swordsdance,poisonsting,razorleaf|||||||


ReferenceError: target is not defined
    at Battle.onHit (C:\Users\Aabrar\Desktop\rbyserver\pokemon-showdown\data\mods\violet\moves.js:219:23)
    at Battle.singleEvent (C:\Users\Aabrar\Desktop\rbyserver\pokemon-showdown\.sim-dist\battle.js:474:25)
    at Battle.moveHit (C:\Users\Aabrar\Desktop\rbyserver\pokemon-showdown\data\mods\violet\scripts.js:571:21)
    at Battle.tryMoveHit (C:\Users\Aabrar\Desktop\rbyserver\pokemon-showdown\data\mods\violet\scripts.js:360:19)
    at Battle.useMove (C:\Users\Aabrar\Desktop\rbyserver\pokemon-showdown\data\mods\violet\scripts.js:230:17)
    at Battle.runMove (C:\Users\Aabrar\Desktop\rbyserver\pokemon-showdown\data\mods\violet\scripts.js:133:8)
    at Battle.runAction (C:\Users\Aabrar\Desktop\rbyserver\pokemon-showdown\.sim-dist\battle.js:2460:9)
    at Battle.go (C:\Users\Aabrar\Desktop\rbyserver\pokemon-showdown\.sim-dist\battle.js:2691:9)
    at Battle.commitDecisions (C:\Users\Aabrar\Desktop\rbyserver\pokemon-showdown\.sim-dist\battle.js:2757:8)
    at Battle.choose (C:\Users\Aabrar\Desktop\rbyserver\pokemon-showdown\.sim-dist\battle.js:2713:35)

Additional information:
  chunk = >p2 switch 3
  inputLog = 
>version 4513c00e4c1995167f1c5b114f35a5dfb5781353
>version-origin ba04a71cf404fb4e2da0f138cb7c2f2fb870dab1
>start {"formatid":"gen1violetversion","seed":[15821,43743,30269,52792]}
>player p1 {"name":"testrai24","avatar":"265","team":"Slowbro|||noability|surf,psychic,thunderwave,meditate|Serious|252,252,252,252,252,252|N||||]Dragonite|||noability|whirlwind,haze,toxic,thunderbolt|Serious|252,252,252,252,252,252|N||||]Porygon|||noability|triattack,icebeam,conversion,thunderwave|Serious|252,252,252,252,252,252|N||||]Jynx|||noability|lovelykiss,blizzard,psychic,mirrormove|Serious|252,252,252,252,252,252|N||||","rating":0}
>player p2 {"name":"KuraiTenshi26","avatar":"kuraitenshi26.png","team":"Slowbro|||noability|surf,psychic,thunderwave,meditate|Serious|252,252,252,252,252,252|N||||]Dragonite|||noability|whirlwind,haze,toxic,thunderbolt|Serious|252,252,252,252,252,252|N||||]Porygon|||noability|triattack,icebeam,conversion,thunderwave|Serious|252,252,252,252,252,252|N||||]Jynx|||noability|lovelykiss,blizzard,psychic,mirrormove|Serious|252,252,252,252,252,252|N||||","rating":0}
>p1 move meditate
>p2 switch 2
>p1 move psychic
>p2 move thunderbolt
>p1 move psychic
>p2 move toxic
>p1 move psychic
>p2 move toxic
>p1 move surf
>p2 move haze
>p1 move surf
>p2 move whirlwind
>p1 switch 3
>p1 move conversion
>p2 move haze
>p1 switch 4
>p2 move thunderbolt
>p1 move mirrormove
>p2 switch 3
  log = 
|player|p1|testrai24|265|
|player|p2|KuraiTenshi26|kuraitenshi26.png|
|teamsize|p1|4
|teamsize|p2|4
|gametype|singles
|gen|1
|tier|[Gen 1] Violet Version
|rule|Sleep Clause Mod: Limit one foe put to sleep
|rule|Freeze Clause Mod: Limit one foe frozen
|rule|Species Clause: Limit one of each Pokémon
|rule|OHKO Clause: OHKO moves are banned
|rule|Evasion Moves Clause: Evasion moves are banned
|rule|HP Percentage Mod: HP is shown in percentages
|
|start
|switch|p1a: Slowbro|Slowbro|393/393
|switch|p2a: Slowbro|Slowbro|393/393
|turn|1
|
|switch|p2a: Dragonite|Dragonite|385/385
|move|p1a: Slowbro|Meditate|p1a: Slowbro
|-fail|p1a: Slowbro
|
|upkeep
|turn|2
|
|move|p2a: Dragonite|Thunderbolt|p1a: Slowbro
|-crit|p1a: Slowbro
|-supereffective|p1a: Slowbro
|-damage|p1a: Slowbro|52/393
|-status|p1a: Slowbro|par
|cant|p1a: Slowbro|par
|
|upkeep
|turn|3
|
|move|p2a: Dragonite|Toxic|p1a: Slowbro
|-fail|p1a: Slowbro
|move|p1a: Slowbro|Psychic|p2a: Dragonite
|-damage|p2a: Dragonite|288/385
|
|upkeep
|turn|4
|
|move|p2a: Dragonite|Toxic|p1a: Slowbro
|-fail|p1a: Slowbro
|move|p1a: Slowbro|Psychic|p2a: Dragonite
|-damage|p2a: Dragonite|203/385
|
|upkeep
|turn|5
|
|move|p2a: Dragonite|Haze|p2a: Dragonite
|-clearallboost
|-heal|p2a: Dragonite|330/385
|-end|p1a: Slowbro|parspeeddrop
|-heal|p2a: Dragonite|385/385
|move|p1a: Slowbro|Surf|p2a: Dragonite
|-resisted|p2a: Dragonite
|-damage|p2a: Dragonite|337/385
|
|upkeep
|turn|6
|
|move|p1a: Slowbro|Surf|p2a: Dragonite
|-resisted|p2a: Dragonite
|-damage|p2a: Dragonite|288/385
|move|p2a: Dragonite|Whirlwind|p1a: Slowbro
|-damage|p1a: Slowbro|0 fnt
|faint|p1a: Slowbro
|
|switch|p1a: Porygon|Porygon|353/353
|turn|7
|
|move|p1a: Porygon|Conversion|p2a: Dragonite
|-start|p1a: Porygon|typechange|Dragon, Flying|[from] move: Conversion|[of] p1a: Porygon
|move|p2a: Dragonite|Haze|p2a: Dragonite
|-clearallboost
|-heal|p2a: Dragonite|385/385
|-end|p2a: Dragonite|conversion
|
|upkeep
|turn|8
|
|switch|p1a: Jynx|Jynx|333/333
|move|p2a: Dragonite|Thunderbolt|p1a: Jynx
|-damage|p1a: Jynx|270/333
|
|upkeep
|turn|9
|
|switch|p2a: Porygon|Porygon|353/353
|move|p1a: Jynx|Mirror Move|p1a: Jynx


TypeError: Cannot read property 'id' of null
    at Battle.onHit (C:\Users\Aabrar\Desktop\rbyserver\pokemon-showdown\data\mods\violet\moves.js:221:21)
    at Battle.singleEvent (C:\Users\Aabrar\Desktop\rbyserver\pokemon-showdown\.sim-dist\battle.js:474:25)
    at Battle.moveHit (C:\Users\Aabrar\Desktop\rbyserver\pokemon-showdown\data\mods\violet\scripts.js:571:21)
    at Battle.tryMoveHit (C:\Users\Aabrar\Desktop\rbyserver\pokemon-showdown\data\mods\violet\scripts.js:360:19)
    at Battle.useMove (C:\Users\Aabrar\Desktop\rbyserver\pokemon-showdown\data\mods\violet\scripts.js:230:17)
    at Battle.runMove (C:\Users\Aabrar\Desktop\rbyserver\pokemon-showdown\data\mods\violet\scripts.js:133:8)
    at Battle.runAction (C:\Users\Aabrar\Desktop\rbyserver\pokemon-showdown\.sim-dist\battle.js:2460:9)
    at Battle.go (C:\Users\Aabrar\Desktop\rbyserver\pokemon-showdown\.sim-dist\battle.js:2691:9)
    at Battle.commitDecisions (C:\Users\Aabrar\Desktop\rbyserver\pokemon-showdown\.sim-dist\battle.js:2757:8)
    at Battle.choose (C:\Users\Aabrar\Desktop\rbyserver\pokemon-showdown\.sim-dist\battle.js:2713:35)

Additional information:
  chunk = >p2 switch 3
  inputLog = 
>version 4513c00e4c1995167f1c5b114f35a5dfb5781353
>version-origin ba04a71cf404fb4e2da0f138cb7c2f2fb870dab1
>start {"formatid":"gen1violetversion","seed":[62256,5363,61207,35302]}
>player p1 {"name":"testrai24","avatar":"169","team":"Slowbro|||noability|surf,psychic,thunderwave,meditate|Serious|252,252,252,252,252,252|N||||]Dragonite|||noability|whirlwind,haze,toxic,thunderbolt|Serious|252,252,252,252,252,252|N||||]Porygon|||noability|triattack,icebeam,conversion,thunderwave|Serious|252,252,252,252,252,252|N||||]Jynx|||noability|lovelykiss,blizzard,psychic,mirrormove|Serious|252,252,252,252,252,252|N||||","rating":0}
>player p2 {"name":"KuraiTenshi26","avatar":"kuraitenshi26.png","team":"Slowbro|||noability|surf,psychic,thunderwave,meditate|Serious|252,252,252,252,252,252|N||||]Dragonite|||noability|whirlwind,haze,toxic,thunderbolt|Serious|252,252,252,252,252,252|N||||]Porygon|||noability|triattack,icebeam,conversion,thunderwave|Serious|252,252,252,252,252,252|N||||]Jynx|||noability|lovelykiss,blizzard,psychic,mirrormove|Serious|252,252,252,252,252,252|N||||","rating":0}
>p1 switch 2
>p2 move psychic
>p1 move whirlwind
>p2 move surf
>p1 move haze
>p2 move surf
>p1 move thunderbolt
>p2 move psychic
>p1 move toxic
>p2 move meditate
>p1 move haze
>p2 move surf
>p1 move toxic
>p2 move surf
>p1 move thunderbolt
>p2 move meditate
>p1 switch 4
>p2 move surf
>p1 move psychic
>p2 move surf
>p1 move mirrormove
>p2 switch 3
  log = 
|player|p1|testrai24|169|
|player|p2|KuraiTenshi26|kuraitenshi26.png|
|teamsize|p1|4
|teamsize|p2|4
|gametype|singles
|gen|1
|tier|[Gen 1] Violet Version
|rule|Sleep Clause Mod: Limit one foe put to sleep
|rule|Freeze Clause Mod: Limit one foe frozen
|rule|Species Clause: Limit one of each Pokémon
|rule|OHKO Clause: OHKO moves are banned
|rule|Evasion Moves Clause: Evasion moves are banned
|rule|HP Percentage Mod: HP is shown in percentages
|
|start
|switch|p1a: Slowbro|Slowbro|393/393
|switch|p2a: Slowbro|Slowbro|393/393
|turn|1
|
|switch|p1a: Dragonite|Dragonite|385/385
|move|p2a: Slowbro|Psychic|p1a: Dragonite
|-damage|p1a: Dragonite|287/385
|
|upkeep
|turn|2
|
|move|p2a: Slowbro|Surf|p1a: Dragonite
|-resisted|p1a: Dragonite
|-damage|p1a: Dragonite|236/385
|move|p1a: Dragonite|Whirlwind|p2a: Slowbro
|-crit|p2a: Slowbro
|-damage|p2a: Slowbro|265/393
|
|upkeep
|turn|3
|
|move|p1a: Dragonite|Haze|p1a: Dragonite
|-clearallboost
|-heal|p1a: Dragonite|363/385
|-heal|p2a: Slowbro|393/393
|move|p2a: Slowbro|Surf|p1a: Dragonite
|-resisted|p1a: Dragonite
|-damage|p1a: Dragonite|312/385
|
|upkeep
|turn|4
|
|move|p1a: Dragonite|Thunderbolt|p2a: Slowbro
|-crit|p2a: Slowbro
|-supereffective|p2a: Slowbro
|-damage|p2a: Slowbro|64/393
|-status|p2a: Slowbro|par
|move|p2a: Slowbro|Psychic|p1a: Dragonite
|-damage|p1a: Dragonite|216/385
|
|upkeep
|turn|5
|
|move|p1a: Dragonite|Toxic|p2a: Slowbro
|-fail|p2a: Slowbro
|move|p2a: Slowbro|Meditate|p2a: Slowbro
|-status|p2a: Slowbro|slp|[from] move: Meditate
|-heal|p2a: Slowbro|393/393 slp
|-status|p2a: Slowbro|slp|[from] move: Meditate
|
|upkeep
|turn|6
|
|move|p1a: Dragonite|Haze|p1a: Dragonite
|-clearallboost
|-heal|p1a: Dragonite|343/385
|-end|p2a: Slowbro|parspeeddrop
|move|p2a: Slowbro|Surf|p1a: Dragonite
|-resisted|p1a: Dragonite
|-damage|p1a: Dragonite|292/385
|
|upkeep
|turn|7
|
|move|p1a: Dragonite|Toxic|p2a: Slowbro
|-status|p2a: Slowbro|tox
|move|p2a: Slowbro|Surf|p1a: Dragonite
|-resisted|p1a: Dragonite
|-damage|p1a: Dragonite|246/385
|-damage|p2a: Slowbro|369/393 tox|[from] psn
|
|upkeep
|turn|8
|
|move|p1a: Dragonite|Thunderbolt|p2a: Slowbro
|-supereffective|p2a: Slowbro
|-damage|p2a: Slowbro|195/393 tox
|move|p2a: Slowbro|Meditate|p2a: Slowbro
|-status|p2a: Slowbro|slp|[from] move: Meditate
|-heal|p2a: Slowbro|393/393 slp
|-status|p2a: Slowbro|slp|[from] move: Meditate
|
|upkeep
|turn|9
|
|switch|p1a: Jynx|Jynx|333/333
|-curestatus|p2a: Slowbro|slp|[msg]
|
|upkeep
|turn|10
|
|move|p1a: Jynx|Psychic|p2a: Slowbro
|-resisted|p2a: Slowbro
|-damage|p2a: Slowbro|329/393
|move|p2a: Slowbro|Surf|p1a: Jynx
|-damage|p1a: Jynx|240/333
|
|upkeep
|turn|11
|
|switch|p2a: Porygon|Porygon|353/353
|move|p1a: Jynx|Mirror Move|p1a: Jynx

